Component: ARM Compiler 5.06 update 1 (build 61) Tool: armlink [4d35a8]

==============================================================================

Section Cross References

    startup_stm32f407xx.o(RESET) refers to startup_stm32f407xx.o(STACK) for __initial_sp
    startup_stm32f407xx.o(RESET) refers to startup_stm32f407xx.o(.text) for Reset_Handler
    startup_stm32f407xx.o(RESET) refers to stm32f4xx_it.o(i.SysTick_Handler) for SysTick_Handler
    startup_stm32f407xx.o(RESET) refers to stm32f4xx_it.o(i.OTG_FS_IRQHandler) for OTG_FS_IRQHandler
    startup_stm32f407xx.o(.text) refers to system_stm32f4xx.o(i.SystemInit) for SystemInit
    startup_stm32f407xx.o(.text) refers to entry.o(.ARM.Collect$$$$00000000) for __main
    usbd_core.o(i.USBD_DeInit) refers to usbd_conf.o(i.USBD_LL_Stop) for USBD_LL_Stop
    usbd_core.o(i.USBD_DeInit) refers to usbd_conf.o(i.USBD_LL_DeInit) for USBD_LL_DeInit
    usbd_core.o(i.USBD_Init) refers to usbd_conf.o(i.USBD_LL_Init) for USBD_LL_Init
    usbd_core.o(i.USBD_LL_DataInStage) refers to usbd_ioreq.o(i.USBD_CtlContinueSendData) for USBD_CtlContinueSendData
    usbd_core.o(i.USBD_LL_DataInStage) refers to usbd_conf.o(i.USBD_LL_PrepareReceive) for USBD_LL_PrepareReceive
    usbd_core.o(i.USBD_LL_DataInStage) refers to usbd_ioreq.o(i.USBD_CtlReceiveStatus) for USBD_CtlReceiveStatus
    usbd_core.o(i.USBD_LL_DataInStage) refers to usbd_core.o(i.USBD_RunTestMode) for USBD_RunTestMode
    usbd_core.o(i.USBD_LL_DataOutStage) refers to usbd_ioreq.o(i.USBD_CtlContinueRx) for USBD_CtlContinueRx
    usbd_core.o(i.USBD_LL_DataOutStage) refers to usbd_ioreq.o(i.USBD_CtlSendStatus) for USBD_CtlSendStatus
    usbd_core.o(i.USBD_LL_Reset) refers to usbd_conf.o(i.USBD_LL_OpenEP) for USBD_LL_OpenEP
    usbd_core.o(i.USBD_LL_SetupStage) refers to usbd_ctlreq.o(i.USBD_ParseSetupRequest) for USBD_ParseSetupRequest
    usbd_core.o(i.USBD_LL_SetupStage) refers to usbd_ctlreq.o(i.USBD_StdDevReq) for USBD_StdDevReq
    usbd_core.o(i.USBD_LL_SetupStage) refers to usbd_ctlreq.o(i.USBD_StdItfReq) for USBD_StdItfReq
    usbd_core.o(i.USBD_LL_SetupStage) refers to usbd_ctlreq.o(i.USBD_StdEPReq) for USBD_StdEPReq
    usbd_core.o(i.USBD_LL_SetupStage) refers to usbd_conf.o(i.USBD_LL_StallEP) for USBD_LL_StallEP
    usbd_core.o(i.USBD_Start) refers to usbd_conf.o(i.USBD_LL_Start) for USBD_LL_Start
    usbd_core.o(i.USBD_Stop) refers to usbd_conf.o(i.USBD_LL_Stop) for USBD_LL_Stop
    usbd_ctlreq.o(i.USBD_ClrFeature) refers to usbd_ioreq.o(i.USBD_CtlSendStatus) for USBD_CtlSendStatus
    usbd_ctlreq.o(i.USBD_ClrFeature) refers to usbd_ctlreq.o(i.USBD_CtlError) for USBD_CtlError
    usbd_ctlreq.o(i.USBD_CtlError) refers to usbd_conf.o(i.USBD_LL_StallEP) for USBD_LL_StallEP
    usbd_ctlreq.o(i.USBD_GetConfig) refers to usbd_ctlreq.o(i.USBD_CtlError) for USBD_CtlError
    usbd_ctlreq.o(i.USBD_GetConfig) refers to usbd_ioreq.o(i.USBD_CtlSendData) for USBD_CtlSendData
    usbd_ctlreq.o(i.USBD_GetDescriptor) refers to usbd_ctlreq.o(i.USBD_CtlError) for USBD_CtlError
    usbd_ctlreq.o(i.USBD_GetDescriptor) refers to usbd_ioreq.o(i.USBD_CtlSendData) for USBD_CtlSendData
    usbd_ctlreq.o(i.USBD_GetStatus) refers to usbd_ioreq.o(i.USBD_CtlSendData) for USBD_CtlSendData
    usbd_ctlreq.o(i.USBD_GetStatus) refers to usbd_ctlreq.o(i.USBD_CtlError) for USBD_CtlError
    usbd_ctlreq.o(i.USBD_GetString) refers to usbd_ctlreq.o(i.USBD_GetLen) for USBD_GetLen
    usbd_ctlreq.o(i.USBD_SetAddress) refers to usbd_ctlreq.o(i.USBD_CtlError) for USBD_CtlError
    usbd_ctlreq.o(i.USBD_SetAddress) refers to usbd_conf.o(i.USBD_LL_SetUSBAddress) for USBD_LL_SetUSBAddress
    usbd_ctlreq.o(i.USBD_SetAddress) refers to usbd_ioreq.o(i.USBD_CtlSendStatus) for USBD_CtlSendStatus
    usbd_ctlreq.o(i.USBD_SetConfig) refers to usbd_ctlreq.o(i.USBD_CtlError) for USBD_CtlError
    usbd_ctlreq.o(i.USBD_SetConfig) refers to usbd_core.o(i.USBD_SetClassConfig) for USBD_SetClassConfig
    usbd_ctlreq.o(i.USBD_SetConfig) refers to usbd_ioreq.o(i.USBD_CtlSendStatus) for USBD_CtlSendStatus
    usbd_ctlreq.o(i.USBD_SetConfig) refers to usbd_core.o(i.USBD_ClrClassConfig) for USBD_ClrClassConfig
    usbd_ctlreq.o(i.USBD_SetConfig) refers to usbd_ctlreq.o(.data) for cfgidx
    usbd_ctlreq.o(i.USBD_SetFeature) refers to usbd_ioreq.o(i.USBD_CtlSendStatus) for USBD_CtlSendStatus
    usbd_ctlreq.o(i.USBD_StdDevReq) refers to usbd_ctlreq.o(i.USBD_GetDescriptor) for USBD_GetDescriptor
    usbd_ctlreq.o(i.USBD_StdDevReq) refers to usbd_ctlreq.o(i.USBD_SetAddress) for USBD_SetAddress
    usbd_ctlreq.o(i.USBD_StdDevReq) refers to usbd_ctlreq.o(i.USBD_SetConfig) for USBD_SetConfig
    usbd_ctlreq.o(i.USBD_StdDevReq) refers to usbd_ctlreq.o(i.USBD_GetConfig) for USBD_GetConfig
    usbd_ctlreq.o(i.USBD_StdDevReq) refers to usbd_ctlreq.o(i.USBD_GetStatus) for USBD_GetStatus
    usbd_ctlreq.o(i.USBD_StdDevReq) refers to usbd_ctlreq.o(i.USBD_SetFeature) for USBD_SetFeature
[...]
    Removing stm32f4xx_hal.o(i.HAL_DBGMCU_DisableDBGStopMode), (20 bytes).
    Removing stm32f4xx_hal.o(i.HAL_DBGMCU_EnableDBGSleepMode), (20 bytes).
    Removing stm32f4xx_hal.o(i.HAL_DBGMCU_EnableDBGStandbyMode), (20 bytes).
    Removing stm32f4xx_hal.o(i.HAL_DBGMCU_EnableDBGStopMode), (20 bytes).
    Removing stm32f4xx_hal.o(i.HAL_DeInit), (68 bytes).
    Removing stm32f4xx_hal.o(i.HAL_DisableCompensationCell), (28 bytes).
    Removing stm32f4xx_hal.o(i.HAL_EnableCompensationCell), (28 bytes).
    Removing stm32f4xx_hal.o(i.HAL_GetDEVID), (16 bytes).
    Removing stm32f4xx_hal.o(i.HAL_GetHalVersion), (8 bytes).
    Removing stm32f4xx_hal.o(i.HAL_GetREVID), (12 bytes).
    Removing stm32f4xx_hal.o(i.HAL_MspDeInit), (2 bytes).
    Removing stm32f4xx_hal.o(i.HAL_MspInit), (2 bytes).
    Removing stm32f4xx_hal.o(i.HAL_ResumeTick), (18 bytes).
    Removing stm32f4xx_hal.o(i.HAL_SuspendTick), (18 bytes).
    Removing stm32f4xx_hal_pcd.o(.rev16_text), (4 bytes).
    Removing stm32f4xx_hal_pcd.o(.revsh_text), (4 bytes).
    Removing stm32f4xx_hal_pcd.o(.rrx_text), (6 bytes).
    Removing stm32f4xx_hal_pcd.o(i.HAL_PCD_ActivateRemoteWakeup), (36 bytes).
    Removing stm32f4xx_hal_pcd.o(i.HAL_PCD_ConnectCallback), (2 bytes).
    Removing stm32f4xx_hal_pcd.o(i.HAL_PCD_DataInStageCallback), (2 bytes).
    Removing stm32f4xx_hal_pcd.o(i.HAL_PCD_DataOutStageCallback), (2 bytes).
    Removing stm32f4xx_hal_pcd.o(i.HAL_PCD_DeActivateRemoteWakeup), (24 bytes).
    Removing stm32f4xx_hal_pcd.o(i.HAL_PCD_DeInit), (38 bytes).
    Removing stm32f4xx_hal_pcd.o(i.HAL_PCD_DevConnect), (46 bytes).
    Removing stm32f4xx_hal_pcd.o(i.HAL_PCD_DevDisconnect), (46 bytes).
    Removing stm32f4xx_hal_pcd.o(i.HAL_PCD_DisconnectCallback), (2 bytes).
    Removing stm32f4xx_hal_pcd.o(i.HAL_PCD_EP_Flush), (68 bytes).
    Removing stm32f4xx_hal_pcd.o(i.HAL_PCD_EP_GetRxCount), (24 bytes).
    Removing stm32f4xx_hal_pcd.o(i.HAL_PCD_GetState), (8 bytes).
    Removing stm32f4xx_hal_pcd.o(i.HAL_PCD_ISOINIncompleteCallback), (2 bytes).
    Removing stm32f4xx_hal_pcd.o(i.HAL_PCD_ISOOUTIncompleteCallback), (2 bytes).
    Removing stm32f4xx_hal_pcd.o(i.HAL_PCD_MspDeInit), (2 bytes).
    Removing stm32f4xx_hal_pcd.o(i.HAL_PCD_MspInit), (2 bytes).
    Removing stm32f4xx_hal_pcd.o(i.HAL_PCD_ResetCallback), (2 bytes).
    Removing stm32f4xx_hal_pcd.o(i.HAL_PCD_ResumeCallback), (2 bytes).
    Removing stm32f4xx_hal_pcd.o(i.HAL_PCD_SOFCallback), (2 bytes).
    Removing stm32f4xx_hal_pcd.o(i.HAL_PCD_SetupStageCallback), (2 bytes).
    Removing stm32f4xx_hal_pcd.o(i.HAL_PCD_Stop), (58 bytes).
    Removing stm32f4xx_hal_pcd.o(i.HAL_PCD_SuspendCallback), (2 bytes).
    Removing stm32f4xx_hal_rcc.o(.rev16_text), (4 bytes).
    Removing stm32f4xx_hal_rcc.o(.revsh_text), (4 bytes).
    Removing stm32f4xx_hal_rcc.o(.rrx_text), (6 bytes).
    Removing stm32f4xx_hal_rcc.o(i.HAL_RCC_CSSCallback), (2 bytes).
    Removing stm32f4xx_hal_rcc.o(i.HAL_RCC_DeInit), (2 bytes).
    Removing stm32f4xx_hal_rcc.o(i.HAL_RCC_DisableCSS), (12 bytes).
    Removing stm32f4xx_hal_rcc.o(i.HAL_RCC_EnableCSS), (12 bytes).
    Removing stm32f4xx_hal_rcc.o(i.HAL_RCC_GetClockConfig), (68 bytes).
    Removing stm32f4xx_hal_rcc.o(i.HAL_RCC_GetOscConfig), (292 bytes).
    Removing stm32f4xx_hal_rcc.o(i.HAL_RCC_GetPCLK1Freq), (44 bytes).
    Removing stm32f4xx_hal_rcc.o(i.HAL_RCC_GetPCLK2Freq), (44 bytes).
    Removing stm32f4xx_hal_rcc.o(i.HAL_RCC_MCOConfig), (192 bytes).
    Removing stm32f4xx_hal_rcc.o(i.HAL_RCC_NMI_IRQHandler), (32 bytes).
    Removing stm32f4xx_hal_dma.o(.rev16_text), (4 bytes).
    Removing stm32f4xx_hal_dma.o(.revsh_text), (4 bytes).
    Removing stm32f4xx_hal_dma.o(.rrx_text), (6 bytes).
    Removing stm32f4xx_hal_dma.o(i.DMA_CalcBaseAndBitshift), (52 bytes).
    Removing stm32f4xx_hal_dma.o(i.DMA_SetConfig), (44 bytes).
    Removing stm32f4xx_hal_dma.o(i.HAL_DMA_Abort), (94 bytes).
    Removing stm32f4xx_hal_dma.o(i.HAL_DMA_DeInit), (100 bytes).
    Removing stm32f4xx_hal_dma.o(i.HAL_DMA_GetError), (6 bytes).
    Removing stm32f4xx_hal_dma.o(i.HAL_DMA_GetState), (8 bytes).
    Removing stm32f4xx_hal_dma.o(i.HAL_DMA_IRQHandler), (536 bytes).
    Removing stm32f4xx_hal_dma.o(i.HAL_DMA_Init), (132 bytes).
    Removing stm32f4xx_hal_dma.o(i.HAL_DMA_PollForTransfer), (404 bytes).
    Removing stm32f4xx_hal_dma.o(i.HAL_DMA_Start), (82 bytes).
    Removing stm32f4xx_hal_dma.o(i.HAL_DMA_Start_IT), (106 bytes).
    Removing stm32f4xx_hal_dma.o(.constdata), (8 bytes).
    Removing stm32f4xx_hal_pwr.o(.rev16_text), (4 bytes).
    Removing stm32f4xx_hal_pwr.o(.revsh_text), (4 bytes).
    Removing stm32f4xx_hal_pwr.o(.rrx_text), (6 bytes).
    Removing stm32f4xx_hal_pwr.o(i.HAL_PWR_ConfigPVD), (180 bytes).
    Removing stm32f4xx_hal_pwr.o(i.HAL_PWR_DeInit), (28 bytes).
    Removing stm32f4xx_hal_pwr.o(i.HAL_PWR_DisableBkUpAccess), (28 bytes).
    Removing stm32f4xx_hal_pwr.o(i.HAL_PWR_DisablePVD), (24 bytes).
    Removing stm32f4xx_hal_pwr.o(i.HAL_PWR_DisableSEVOnPend), (20 bytes).
    Removing stm32f4xx_hal_pwr.o(i.HAL_PWR_DisableSleepOnExit), (20 bytes).
    Removing stm32f4xx_hal_pwr.o(i.HAL_PWR_DisableWakeUpPin), (16 bytes).
    Removing stm32f4xx_hal_pwr.o(i.HAL_PWR_EnableBkUpAccess), (24 bytes).
    Removing stm32f4xx_hal_pwr.o(i.HAL_PWR_EnablePVD), (24 bytes).
    Removing stm32f4xx_hal_pwr.o(i.HAL_PWR_EnableSEVOnPend), (20 bytes).
    Removing stm32f4xx_hal_pwr.o(i.HAL_PWR_EnableSleepOnExit), (20 bytes).
    Removing stm32f4xx_hal_pwr.o(i.HAL_PWR_EnableWakeUpPin), (16 bytes).
    Removing stm32f4xx_hal_pwr.o(i.HAL_PWR_EnterSLEEPMode), (32 bytes).
    Removing stm32f4xx_hal_pwr.o(i.HAL_PWR_EnterSTANDBYMode), (40 bytes).
    Removing stm32f4xx_hal_pwr.o(i.HAL_PWR_EnterSTOPMode), (64 bytes).
    Removing stm32f4xx_hal_pwr.o(i.HAL_PWR_PVDCallback), (2 bytes).
    Removing stm32f4xx_hal_pwr.o(i.HAL_PWR_PVD_IRQHandler), (32 bytes).
    Removing stm32f4xx_hal_pwr_ex.o(.rev16_text), (4 bytes).
    Removing stm32f4xx_hal_pwr_ex.o(.revsh_text), (4 bytes).
    Removing stm32f4xx_hal_pwr_ex.o(.rrx_text), (6 bytes).
    Removing stm32f4xx_hal_pwr_ex.o(i.HAL_PWREx_ControlVoltageScaling), (120 bytes).
    Removing stm32f4xx_hal_pwr_ex.o(i.HAL_PWREx_DisableBkUpReg), (76 bytes).
    Removing stm32f4xx_hal_pwr_ex.o(i.HAL_PWREx_DisableFlashPowerDown), (28 bytes).
    Removing stm32f4xx_hal_pwr_ex.o(i.HAL_PWREx_EnableBkUpReg), (76 bytes).
    Removing stm32f4xx_hal_pwr_ex.o(i.HAL_PWREx_EnableFlashPowerDown), (24 bytes).
    Removing stm32f4xx_hal_pwr_ex.o(i.HAL_PWREx_GetVoltageRange), (16 bytes).
    Removing stm32f4xx_hal_pcd_ex.o(.rev16_text), (4 bytes).
    Removing stm32f4xx_hal_pcd_ex.o(.revsh_text), (4 bytes).
    Removing stm32f4xx_hal_pcd_ex.o(.rrx_text), (6 bytes).
    Removing stm32f4xx_hal_flash_ex.o(.rev16_text), (4 bytes).
    Removing stm32f4xx_hal_flash_ex.o(.revsh_text), (4 bytes).
    Removing stm32f4xx_hal_flash_ex.o(.rrx_text), (6 bytes).
    Removing stm32f4xx_hal_flash_ex.o(i.FLASH_Erase_Sector), (104 bytes).
    Removing stm32f4xx_hal_flash_ex.o(i.FLASH_FlushCaches), (120 bytes).
    Removing stm32f4xx_hal_flash_ex.o(i.FLASH_MassErase), (52 bytes).
    Removing stm32f4xx_hal_flash_ex.o(i.FLASH_OB_BOR_LevelConfig), (32 bytes).
    Removing stm32f4xx_hal_flash_ex.o(i.FLASH_OB_DisableWRP), (40 bytes).
    Removing stm32f4xx_hal_flash_ex.o(i.FLASH_OB_EnableWRP), (40 bytes).
    Removing stm32f4xx_hal_flash_ex.o(i.FLASH_OB_GetBOR), (16 bytes).
    Removing stm32f4xx_hal_flash_ex.o(i.FLASH_OB_GetRDP), (36 bytes).
    Removing stm32f4xx_hal_flash_ex.o(i.FLASH_OB_GetUser), (16 bytes).
    Removing stm32f4xx_hal_flash_ex.o(i.FLASH_OB_GetWRP), (12 bytes).
    Removing stm32f4xx_hal_flash_ex.o(i.FLASH_OB_RDP_LevelConfig), (32 bytes).
    Removing stm32f4xx_hal_flash_ex.o(i.FLASH_OB_UserConfig), (60 bytes).
    Removing stm32f4xx_hal_flash_ex.o(i.HAL_FLASHEx_Erase), (172 bytes).
    Removing stm32f4xx_hal_flash_ex.o(i.HAL_FLASHEx_Erase_IT), (120 bytes).
    Removing stm32f4xx_hal_flash_ex.o(i.HAL_FLASHEx_OBGetConfig), (34 bytes).
    Removing stm32f4xx_hal_flash_ex.o(i.HAL_FLASHEx_OBProgram), (148 bytes).
    Removing stm32f4xx_ll_usb.o(.rev16_text), (4 bytes).
    Removing stm32f4xx_ll_usb.o(.revsh_text), (4 bytes).
    Removing stm32f4xx_ll_usb.o(.rrx_text), (6 bytes).
    Removing stm32f4xx_ll_usb.o(i.USB_ActivateDedicatedEndpoint), (284 bytes).
    Removing stm32f4xx_ll_usb.o(i.USB_ClearInterrupts), (8 bytes).
    Removing stm32f4xx_ll_usb.o(i.USB_DeactivateDedicatedEndpoint), (116 bytes).
    Removing stm32f4xx_ll_usb.o(i.USB_DoPing), (64 bytes).
    Removing stm32f4xx_ll_usb.o(i.USB_DriveVbus), (68 bytes).
    Removing stm32f4xx_ll_usb.o(i.USB_GetCurrentFrame), (12 bytes).
    Removing stm32f4xx_ll_usb.o(i.USB_GetHostSpeed), (18 bytes).
    Removing stm32f4xx_ll_usb.o(i.USB_HC_Halt), (376 bytes).
    Removing stm32f4xx_ll_usb.o(i.USB_HC_Init), (392 bytes).
    Removing stm32f4xx_ll_usb.o(i.USB_HC_ReadInterrupt), (12 bytes).
    Removing stm32f4xx_ll_usb.o(i.USB_HC_StartXfer), (392 bytes).
    Removing stm32f4xx_ll_usb.o(i.USB_HostInit), (236 bytes).
    Removing stm32f4xx_ll_usb.o(i.USB_InitFSLSPClkSel), (62 bytes).
    Removing stm32f4xx_ll_usb.o(i.USB_ResetPort), (48 bytes).
    Removing stm32f4xx_ll_usb.o(i.USB_StopDevice), (82 bytes).
    Removing stm32f4xx_ll_usb.o(i.USB_StopHost), (174 bytes).
    Removing stm32f4xx_ll_usb.o(.data), (4 bytes).

250 unused section(s) (total 11248 bytes) removed from the image.

==============================================================================

Image Symbol Table

    Local Symbols

    Symbol Name                              Value     Ov Type        Size  Object(Section)

    ../Drivers/CMSIS/Device/ST/STM32F4xx/Source/Templates/arm/startup_stm32f407xx.s 0x00000000   Number         0  startup_stm32f407xx.o ABSOLUTE
    ../Drivers/CMSIS/Device/ST/STM32F4xx/Source/Templates/system_stm32f4xx.c 0x00000000   Number         0  system_stm32f4xx.o ABSOLUTE
    ../Drivers/STM32F4xx_HAL_Driver/Src/stm32f4xx_hal.c 0x00000000   Number         0  stm32f4xx_hal.o ABSOLUTE
    ../Drivers/STM32F4xx_HAL_Driver/Src/stm32f4xx_hal_cortex.c 0x00000000   Number         0  stm32f4xx_hal_cortex.o ABSOLUTE
    ../Drivers/STM32F4xx_HAL_Driver/Src/stm32f4xx_hal_dma.c 0x00000000   Number         0  stm32f4xx_hal_dma.o ABSOLUTE
    ../Drivers/STM32F4xx_HAL_Driver/Src/stm32f4xx_hal_dma_ex.c 0x00000000   Number         0  stm32f4xx_hal_dma_ex.o ABSOLUTE
    ../Drivers/STM32F4xx_HAL_Driver/Src/stm32f4xx_hal_flash.c 0x00000000   Number         0  stm32f4xx_hal_flash.o ABSOLUTE
    ../Drivers/STM32F4xx_HAL_Driver/Src/stm32f4xx_hal_flash_ex.c 0x00000000   Number         0  stm32f4xx_hal_flash_ex.o ABSOLUTE
    ../Drivers/STM32F4xx_HAL_Driver/Src/stm32f4xx_hal_flash_ramfunc.c 0x00000000   Number         0  stm32f4xx_hal_flash_ramfunc.o ABSOLUTE
    ../Drivers/STM32F4xx_HAL_Driver/Src/stm32f4xx_hal_gpio.c 0x00000000   Number         0  stm32f4xx_hal_gpio.o ABSOLUTE
    ../Drivers/STM32F4xx_HAL_Driver/Src/stm32f4xx_hal_pcd.c 0x00000000   Number         0  stm32f4xx_hal_pcd.o ABSOLUTE
    ../Drivers/STM32F4xx_HAL_Driver/Src/stm32f4xx_hal_pcd_ex.c 0x00000000   Number         0  stm32f4xx_hal_pcd_ex.o ABSOLUTE
    ../Drivers/STM32F4xx_HAL_Driver/Src/stm32f4xx_hal_pwr.c 0x00000000   Number         0  stm32f4xx_hal_pwr.o ABSOLUTE
    ../Drivers/STM32F4xx_HAL_Driver/Src/stm32f4xx_hal_pwr_ex.c 0x00000000   Number         0  stm32f4xx_hal_pwr_ex.o ABSOLUTE
    ../Drivers/STM32F4xx_HAL_Driver/Src/stm32f4xx_hal_rcc.c 0x00000000   Number         0  stm32f4xx_hal_rcc.o ABSOLUTE
    ../Drivers/STM32F4xx_HAL_Driver/Src/stm32f4xx_hal_rcc_ex.c 0x00000000   Number         0  stm32f4xx_hal_rcc_ex.o ABSOLUTE
    ../Drivers/STM32F4xx_HAL_Driver/Src/stm32f4xx_ll_usb.c 0x00000000   Number         0  stm32f4xx_ll_usb.o ABSOLUTE
    ../Middlewares/ST/STM32_USB_Device_Library/Class/CustomHID/Src/usbd_customhid.c 0x00000000   Number         0  usbd_customhid.o ABSOLUTE
    ../Middlewares/ST/STM32_USB_Device_Library/Core/Src/usbd_core.c 0x00000000   Number         0  usbd_core.o ABSOLUTE
    ../Middlewares/ST/STM32_USB_Device_Library/Core/Src/usbd_ctlreq.c 0x00000000   Number         0  usbd_ctlreq.o ABSOLUTE
    ../Middlewares/ST/STM32_USB_Device_Library/Core/Src/usbd_ioreq.c 0x00000000   Number         0  usbd_ioreq.o ABSOLUTE
    ../Src/gpio.c                            0x00000000   Number         0  gpio.o ABSOLUTE
    ../Src/main.c                            0x00000000   Number         0  main.o ABSOLUTE
    ../Src/stm32f4xx_hal_msp.c               0x00000000   Number         0  stm32f4xx_hal_msp.o ABSOLUTE
    ../Src/stm32f4xx_it.c                    0x00000000   Number         0  stm32f4xx_it.o ABSOLUTE
    ../Src/usb_device.c                      0x00000000   Number         0  usb_device.o ABSOLUTE
    ../Src/usbd_conf.c                       0x00000000   Number         0  usbd_conf.o ABSOLUTE
    ../Src/usbd_custom_hid_if.c              0x00000000   Number         0  usbd_custom_hid_if.o ABSOLUTE
    ../Src/usbd_desc.c                       0x00000000   Number         0  usbd_desc.o ABSOLUTE
    ../clib/microlib/init/entry.s            0x00000000   Number         0  entry10b.o ABSOLUTE
    ../clib/microlib/init/entry.s            0x00000000   Number         0  entry11a.o ABSOLUTE
    ../clib/microlib/init/entry.s            0x00000000   Number         0  entry10a.o ABSOLUTE
    ../clib/microlib/init/entry.s            0x00000000   Number         0  entry9b.o ABSOLUTE
    ../clib/microlib/init/entry.s            0x00000000   Number         0  entry11b.o ABSOLUTE
    ../clib/microlib/init/entry.s            0x00000000   Number         0  entry9a.o ABSOLUTE
    ../clib/microlib/init/entry.s            0x00000000   Number         0  entry5.o ABSOLUTE
    ../clib/microlib/init/entry.s            0x00000000   Number         0  entry8b.o ABSOLUTE
    ../clib/microlib/init/entry.s            0x00000000   Number         0  entry8a.o ABSOLUTE
    ../clib/microlib/init/entry.s            0x00000000   Number         0  entry7b.o ABSOLUTE
    ../clib/microlib/init/entry.s            0x00000000   Number         0  entry7a.o ABSOLUTE
    ../clib/microlib/init/entry.s            0x00000000   Number         0  entry.o ABSOLUTE
    ../clib/microlib/init/entry.s            0x00000000   Number         0  entry2.o ABSOLUTE
    ../clib/microlib/malloc/malloc.c         0x00000000   Number         0  mallocra.o ABSOLUTE
    ../clib/microlib/malloc/malloc.c         0x00000000   Number         0  malloca.o ABSOLUTE
    ../clib/microlib/malloc/malloc.c         0x00000000   Number         0  mallocr.o ABSOLUTE
    ../clib/microlib/malloc/malloc.c         0x00000000   Number         0  malloc.o ABSOLUTE
    ../clib/microlib/malloc/mvars.c          0x00000000   Number         0  mvars.o ABSOLUTE
    ../clib/microlib/string/memcpy.c         0x00000000   Number         0  memcpya.o ABSOLUTE
    ../clib/microlib/string/memcpy.c         0x00000000   Number         0  memcpyb.o ABSOLUTE
    ..\Drivers\CMSIS\Device\ST\STM32F4xx\Source\Templates\system_stm32f4xx.c 0x00000000   Number         0  system_stm32f4xx.o ABSOLUTE
    ..\Drivers\STM32F4xx_HAL_Driver\Src\stm32f4xx_hal.c 0x00000000   Number         0  stm32f4xx_hal.o ABSOLUTE
    ..\Drivers\STM32F4xx_HAL_Driver\Src\stm32f4xx_hal_cortex.c 0x00000000   Number         0  stm32f4xx_hal_cortex.o ABSOLUTE
    ..\Drivers\STM32F4xx_HAL_Driver\Src\stm32f4xx_hal_dma.c 0x00000000   Number         0  stm32f4xx_hal_dma.o ABSOLUTE
    ..\Drivers\STM32F4xx_HAL_Driver\Src\stm32f4xx_hal_dma_ex.c 0x00000000   Number         0  stm32f4xx_hal_dma_ex.o ABSOLUTE
    ..\Drivers\STM32F4xx_HAL_Driver\Src\stm32f4xx_hal_flash.c 0x00000000   Number         0  stm32f4xx_hal_flash.o ABSOLUTE
    ..\Drivers\STM32F4xx_HAL_Driver\Src\stm32f4xx_hal_flash_ex.c 0x00000000   Number         0  stm32f4xx_hal_flash_ex.o ABSOLUTE
    ..\Drivers\STM32F4xx_HAL_Driver\Src\stm32f4xx_hal_flash_ramfunc.c 0x00000000   Number         0  stm32f4xx_hal_flash_ramfunc.o ABSOLUTE
    ..\Drivers\STM32F4xx_HAL_Driver\Src\stm32f4xx_hal_gpio.c 0x00000000   Number         0  stm32f4xx_hal_gpio.o ABSOLUTE
    ..\Drivers\STM32F4xx_HAL_Driver\Src\stm32f4xx_hal_pcd.c 0x00000000   Number         0  stm32f4xx_hal_pcd.o ABSOLUTE
    ..\Drivers\STM32F4xx_HAL_Driver\Src\stm32f4xx_hal_pcd_ex.c 0x00000000   Number         0  stm32f4xx_hal_pcd_ex.o ABSOLUTE
    ..\Drivers\STM32F4xx_HAL_Driver\Src\stm32f4xx_hal_pwr.c 0x00000000   Number         0  stm32f4xx_hal_pwr.o ABSOLUTE
    ..\Drivers\STM32F4xx_HAL_Driver\Src\stm32f4xx_hal_pwr_ex.c 0x00000000   Number         0  stm32f4xx_hal_pwr_ex.o ABSOLUTE
    ..\Drivers\STM32F4xx_HAL_Driver\Src\stm32f4xx_hal_rcc.c 0x00000000   Number         0  stm32f4xx_hal_rcc.o ABSOLUTE
    ..\Drivers\STM32F4xx_HAL_Driver\Src\stm32f4xx_hal_rcc_ex.c 0x00000000   Number         0  stm32f4xx_hal_rcc_ex.o ABSOLUTE
    ..\Drivers\STM32F4xx_HAL_Driver\Src\stm32f4xx_ll_usb.c 0x00000000   Number         0  stm32f4xx_ll_usb.o ABSOLUTE
    ..\Middlewares\ST\STM32_USB_Device_Library\Class\CustomHID\Src\usbd_customhid.c 0x00000000   Number         0  usbd_customhid.o ABSOLUTE
    ..\Middlewares\ST\STM32_USB_Device_Library\Core\Src\usbd_core.c 0x00000000   Number         0  usbd_core.o ABSOLUTE
    ..\Middlewares\ST\STM32_USB_Device_Library\Core\Src\usbd_ctlreq.c 0x00000000   Number         0  usbd_ctlreq.o ABSOLUTE
    ..\Middlewares\ST\STM32_USB_Device_Library\Core\Src\usbd_ioreq.c 0x00000000   Number         0  usbd_ioreq.o ABSOLUTE
    ..\Src\gpio.c                            0x00000000   Number         0  gpio.o ABSOLUTE
    ..\Src\main.c                            0x00000000   Number         0  main.o ABSOLUTE
    ..\Src\stm32f4xx_hal_msp.c               0x00000000   Number         0  stm32f4xx_hal_msp.o ABSOLUTE
    ..\Src\stm32f4xx_it.c                    0x00000000   Number         0  stm32f4xx_it.o ABSOLUTE
    ..\Src\usb_device.c                      0x00000000   Number         0  usb_device.o ABSOLUTE
    ..\Src\usbd_conf.c                       0x00000000   Number         0  usbd_conf.o ABSOLUTE
    ..\Src\usbd_custom_hid_if.c              0x00000000   Number         0  usbd_custom_hid_if.o ABSOLUTE
    ..\Src\usbd_desc.c                       0x00000000   Number         0  usbd_desc.o ABSOLUTE
    dc.s                                     0x00000000   Number         0  dc.o ABSOLUTE
    handlers.s                               0x00000000   Number         0  handlers.o ABSOLUTE
    init.s                                   0x00000000   Number         0  init.o ABSOLUTE
    RESET                                    0x08000000   Section      392  startup_stm32f407xx.o(RESET)
    .ARM.Collect$$$$00000000                 0x08000188   Section        0  entry.o(.ARM.Collect$$$$00000000)
    .ARM.Collect$$$$00000001                 0x08000188   Section        4  entry2.o(.ARM.Collect$$$$00000001)
    .ARM.Collect$$$$00000004                 0x0800018c   Section        4  entry5.o(.ARM.Collect$$$$00000004)
    .ARM.Collect$$$$00000008                 0x08000190   Section        0  entry7b.o(.ARM.Collect$$$$00000008)
    .ARM.Collect$$$$0000000A                 0x08000190   Section        0  entry8b.o(.ARM.Collect$$$$0000000A)
    .ARM.Collect$$$$0000000B                 0x08000190   Section        8  entry9a.o(.ARM.Collect$$$$0000000B)
    .ARM.Collect$$$$0000000D                 0x08000198   Section        0  entry10a.o(.ARM.Collect$$$$0000000D)
    .ARM.Collect$$$$0000000F                 0x08000198   Section        0  entry11a.o(.ARM.Collect$$$$0000000F)
    .ARM.Collect$$$$00002712                 0x08000198   Section        4  entry2.o(.ARM.Collect$$$$00002712)
    __lit__00000000                          0x08000198   Data           4  entry2.o(.ARM.Collect$$$$00002712)
    .text                                    0x0800019c   Section       36  startup_stm32f407xx.o(.text)
    $v0                                      0x0800019c   Number         0  startup_stm32f407xx.o(.text)
    .text                                    0x080001c0   Section        0  memcpya.o(.text)
    .text                                    0x080001e4   Section       36  init.o(.text)
    i.CUSTOM_HID_DeInit_FS                   0x08000208   Section        0  usbd_custom_hid_if.o(i.CUSTOM_HID_DeInit_FS)
    CUSTOM_HID_DeInit_FS                     0x08000209   Thumb Code     4  usbd_custom_hid_if.o(i.CUSTOM_HID_DeInit_FS)
    i.CUSTOM_HID_Init_FS                     0x0800020c   Section        0  usbd_custom_hid_if.o(i.CUSTOM_HID_Init_FS)
    CUSTOM_HID_Init_FS                       0x0800020d   Thumb Code    10  usbd_custom_hid_if.o(i.CUSTOM_HID_Init_FS)
    i.CUSTOM_HID_OutEvent_FS                 0x08000220   Section        0  usbd_custom_hid_if.o(i.CUSTOM_HID_OutEvent_FS)
    CUSTOM_HID_OutEvent_FS                   0x08000221   Thumb Code     6  usbd_custom_hid_if.o(i.CUSTOM_HID_OutEvent_FS)
    i.HAL_Delay                              0x08000226   Section        0  stm32f4xx_hal.o(i.HAL_Delay)
    i.HAL_GPIO_Init                          0x08000240   Section        0  stm32f4xx_hal_gpio.o(i.HAL_GPIO_Init)
    i.HAL_GPIO_ReadPin                       0x0800044c   Section        0  stm32f4xx_hal_gpio.o(i.HAL_GPIO_ReadPin)
    i.HAL_GPIO_WritePin                      0x0800045c   Section        0  stm32f4xx_hal_gpio.o(i.HAL_GPIO_WritePin)
    i.HAL_GetTick                            0x08000468   Section        0  stm32f4xx_hal.o(i.HAL_GetTick)
    i.HAL_IncTick                            0x08000474   Section        0  stm32f4xx_hal.o(i.HAL_IncTick)
    i.HAL_Init                               0x08000484   Section        0  stm32f4xx_hal.o(i.HAL_Init)
    i.HAL_InitTick                           0x080004c0   Section        0  stm32f4xx_hal.o(i.HAL_InitTick)
    i.HAL_MspInit                            0x080004e4   Section        0  stm32f4xx_hal_msp.o(i.HAL_MspInit)
    i.HAL_NVIC_EnableIRQ                     0x080004f8   Section        0  stm32f4xx_hal_cortex.o(i.HAL_NVIC_EnableIRQ)
    i.HAL_NVIC_SetPriority                   0x08000512   Section        0  stm32f4xx_hal_cortex.o(i.HAL_NVIC_SetPriority)
    i.HAL_NVIC_SetPriorityGrouping           0x08000590   Section        0  stm32f4xx_hal_cortex.o(i.HAL_NVIC_SetPriorityGrouping)
    i.HAL_PCDEx_SetRxFiFo                    0x080005b8   Section        0  stm32f4xx_hal_pcd_ex.o(i.HAL_PCDEx_SetRxFiFo)
    i.HAL_PCDEx_SetTxFiFo                    0x080005c2   Section        0  stm32f4xx_hal_pcd_ex.o(i.HAL_PCDEx_SetTxFiFo)
    i.HAL_PCD_ConnectCallback                0x08000614   Section        0  usbd_conf.o(i.HAL_PCD_ConnectCallback)
    i.HAL_PCD_DataInStageCallback            0x08000622   Section        0  usbd_conf.o(i.HAL_PCD_DataInStageCallback)
    i.HAL_PCD_DataOutStageCallback           0x08000642   Section        0  usbd_conf.o(i.HAL_PCD_DataOutStageCallback)
    i.HAL_PCD_DisconnectCallback             0x08000662   Section        0  usbd_conf.o(i.HAL_PCD_DisconnectCallback)
    i.HAL_PCD_EP_Close                       0x08000670   Section        0  stm32f4xx_hal_pcd.o(i.HAL_PCD_EP_Close)
    i.HAL_PCD_EP_ClrStall                    0x080006da   Section        0  stm32f4xx_hal_pcd.o(i.HAL_PCD_EP_ClrStall)
    i.HAL_PCD_EP_Open                        0x08000742   Section        0  stm32f4xx_hal_pcd.o(i.HAL_PCD_EP_Open)
    i.HAL_PCD_EP_Receive                     0x080007ce   Section        0  stm32f4xx_hal_pcd.o(i.HAL_PCD_EP_Receive)
    i.HAL_PCD_EP_SetStall                    0x08000846   Section        0  stm32f4xx_hal_pcd.o(i.HAL_PCD_EP_SetStall)
    i.HAL_PCD_EP_Transmit                    0x080008c0   Section        0  stm32f4xx_hal_pcd.o(i.HAL_PCD_EP_Transmit)
    i.HAL_PCD_IRQHandler                     0x0800093a   Section        0  stm32f4xx_hal_pcd.o(i.HAL_PCD_IRQHandler)
    i.HAL_PCD_ISOINIncompleteCallback        0x08000e98   Section        0  usbd_conf.o(i.HAL_PCD_ISOINIncompleteCallback)
    i.HAL_PCD_ISOOUTIncompleteCallback       0x08000eaa   Section        0  usbd_conf.o(i.HAL_PCD_ISOOUTIncompleteCallback)
    i.HAL_PCD_Init                           0x08000ebc   Section        0  stm32f4xx_hal_pcd.o(i.HAL_PCD_Init)
    i.HAL_PCD_MspInit                        0x08001000   Section        0  usbd_conf.o(i.HAL_PCD_MspInit)
    i.HAL_PCD_ResetCallback                  0x08001090   Section        0  usbd_conf.o(i.HAL_PCD_ResetCallback)
    i.HAL_PCD_ResumeCallback                 0x080010c2   Section        0  usbd_conf.o(i.HAL_PCD_ResumeCallback)
    i.HAL_PCD_SOFCallback                    0x080010d0   Section        0  usbd_conf.o(i.HAL_PCD_SOFCallback)
    i.HAL_PCD_SetAddress                     0x080010de   Section        0  stm32f4xx_hal_pcd.o(i.HAL_PCD_SetAddress)
    i.HAL_PCD_SetupStageCallback             0x08001110   Section        0  usbd_conf.o(i.HAL_PCD_SetupStageCallback)
    i.HAL_PCD_Start                          0x08001122   Section        0  stm32f4xx_hal_pcd.o(i.HAL_PCD_Start)
    i.HAL_PCD_SuspendCallback                0x08001158   Section        0  usbd_conf.o(i.HAL_PCD_SuspendCallback)
    i.HAL_RCC_ClockConfig                    0x0800118c   Section        0  stm32f4xx_hal_rcc.o(i.HAL_RCC_ClockConfig)
    i.HAL_RCC_GetHCLKFreq                    0x0800143c   Section        0  stm32f4xx_hal_rcc.o(i.HAL_RCC_GetHCLKFreq)
    i.HAL_RCC_GetSysClockFreq                0x08001474   Section        0  stm32f4xx_hal_rcc.o(i.HAL_RCC_GetSysClockFreq)
    i.HAL_RCC_OscConfig                      0x08001528   Section        0  stm32f4xx_hal_rcc.o(i.HAL_RCC_OscConfig)
    i.HAL_SYSTICK_CLKSourceConfig            0x08001924   Section        0  stm32f4xx_hal_cortex.o(i.HAL_SYSTICK_CLKSourceConfig)
    i.HAL_SYSTICK_Callback                   0x0800194c   Section        0  stm32f4xx_hal_cortex.o(i.HAL_SYSTICK_Callback)
    i.HAL_SYSTICK_Config                     0x0800194e   Section        0  stm32f4xx_hal_cortex.o(i.HAL_SYSTICK_Config)
    i.HAL_SYSTICK_IRQHandler                 0x08001982   Section        0  stm32f4xx_hal_cortex.o(i.HAL_SYSTICK_IRQHandler)
    i.MX_GPIO_Init                           0x0800198c   Section        0  gpio.o(i.MX_GPIO_Init)
    i.MX_USB_DEVICE_Init                     0x08001b98   Section        0  usb_device.o(i.MX_USB_DEVICE_Init)
    i.NVIC_GetPriorityGrouping               0x08001bcc   Section        0  stm32f4xx_hal_cortex.o(i.NVIC_GetPriorityGrouping)
    NVIC_GetPriorityGrouping                 0x08001bcd   Thumb Code    10  stm32f4xx_hal_cortex.o(i.NVIC_GetPriorityGrouping)
    i.NVIC_SetPriority                       0x08001bdc   Section        0  stm32f4xx_hal_cortex.o(i.NVIC_SetPriority)
    NVIC_SetPriority                         0x08001bdd   Thumb Code    32  stm32f4xx_hal_cortex.o(i.NVIC_SetPriority)
    i.OTG_FS_IRQHandler                      0x08001c04   Section        0  stm32f4xx_it.o(i.OTG_FS_IRQHandler)
    i.PCD_WriteEmptyTxFifo                   0x08001c14   Section        0  stm32f4xx_hal_pcd.o(i.PCD_WriteEmptyTxFifo)
    PCD_WriteEmptyTxFifo                     0x08001c15   Thumb Code   176  stm32f4xx_hal_pcd.o(i.PCD_WriteEmptyTxFifo)
    i.SysTick_Handler                        0x08001cc4   Section        0  stm32f4xx_it.o(i.SysTick_Handler)
    i.SystemClock_Config                     0x08001cd0   Section        0  main.o(i.SystemClock_Config)
    i.SystemInit                             0x08001d88   Section        0  system_stm32f4xx.o(i.SystemInit)
    i.USBD_CUSTOM_HID_DataIn                 0x08001dec   Section        0  usbd_customhid.o(i.USBD_CUSTOM_HID_DataIn)
    USBD_CUSTOM_HID_DataIn                   0x08001ded   Thumb Code    12  usbd_customhid.o(i.USBD_CUSTOM_HID_DataIn)
    i.USBD_CUSTOM_HID_DataOut                0x08001df8   Section        0  usbd_customhid.o(i.USBD_CUSTOM_HID_DataOut)
    USBD_CUSTOM_HID_DataOut                  0x08001df9   Thumb Code    38  usbd_customhid.o(i.USBD_CUSTOM_HID_DataOut)
    i.USBD_CUSTOM_HID_DeInit                 0x08001e1e   Section        0  usbd_customhid.o(i.USBD_CUSTOM_HID_DeInit)
    USBD_CUSTOM_HID_DeInit                   0x08001e1f   Thumb Code    54  usbd_customhid.o(i.USBD_CUSTOM_HID_DeInit)
    i.USBD_CUSTOM_HID_EP0_RxReady            0x08001e54   Section        0  usbd_customhid.o(i.USBD_CUSTOM_HID_EP0_RxReady)
    USBD_CUSTOM_HID_EP0_RxReady              0x08001e55   Thumb Code    34  usbd_customhid.o(i.USBD_CUSTOM_HID_EP0_RxReady)
    i.USBD_CUSTOM_HID_GetCfgDesc             0x08001e78   Section        0  usbd_customhid.o(i.USBD_CUSTOM_HID_GetCfgDesc)
    USBD_CUSTOM_HID_GetCfgDesc               0x08001e79   Thumb Code    10  usbd_customhid.o(i.USBD_CUSTOM_HID_GetCfgDesc)
    i.USBD_CUSTOM_HID_GetDeviceQualifierDesc 0x08001e88   Section        0  usbd_customhid.o(i.USBD_CUSTOM_HID_GetDeviceQualifierDesc)
    USBD_CUSTOM_HID_GetDeviceQualifierDesc   0x08001e89   Thumb Code    10  usbd_customhid.o(i.USBD_CUSTOM_HID_GetDeviceQualifierDesc)
    i.USBD_CUSTOM_HID_Init                   0x08001e98   Section        0  usbd_customhid.o(i.USBD_CUSTOM_HID_Init)
    USBD_CUSTOM_HID_Init                     0x08001e99   Thumb Code    88  usbd_customhid.o(i.USBD_CUSTOM_HID_Init)
    i.USBD_CUSTOM_HID_RegisterInterface      0x08001ef0   Section        0  usbd_customhid.o(i.USBD_CUSTOM_HID_RegisterInterface)
    i.USBD_CUSTOM_HID_SendReport             0x08001efe   Section        0  usbd_customhid.o(i.USBD_CUSTOM_HID_SendReport)
    i.USBD_CUSTOM_HID_Setup                  0x08001f30   Section        0  usbd_customhid.o(i.USBD_CUSTOM_HID_Setup)
    USBD_CUSTOM_HID_Setup                    0x08001f31   Thumb Code   244  usbd_customhid.o(i.USBD_CUSTOM_HID_Setup)
    i.USBD_ClrClassConfig                    0x08002028   Section        0  usbd_core.o(i.USBD_ClrClassConfig)
    i.USBD_ClrFeature                        0x0800203e   Section        0  usbd_ctlreq.o(i.USBD_ClrFeature)
    USBD_ClrFeature                          0x0800203f   Thumb Code    68  usbd_ctlreq.o(i.USBD_ClrFeature)
    i.USBD_CtlContinueRx                     0x08002082   Section        0  usbd_ioreq.o(i.USBD_CtlContinueRx)
    i.USBD_CtlContinueSendData               0x0800209a   Section        0  usbd_ioreq.o(i.USBD_CtlContinueSendData)
    i.USBD_CtlError                          0x080020b2   Section        0  usbd_ctlreq.o(i.USBD_CtlError)
    i.USBD_CtlPrepareRx                      0x080020ca   Section        0  usbd_ioreq.o(i.USBD_CtlPrepareRx)
    i.USBD_CtlReceiveStatus                  0x080020f2   Section        0  usbd_ioreq.o(i.USBD_CtlReceiveStatus)
    i.USBD_CtlSendData                       0x0800210c   Section        0  usbd_ioreq.o(i.USBD_CtlSendData)
    i.USBD_CtlSendStatus                     0x0800212e   Section        0  usbd_ioreq.o(i.USBD_CtlSendStatus)
    i.USBD_FS_ConfigStrDescriptor            0x08002148   Section        0  usbd_desc.o(i.USBD_FS_ConfigStrDescriptor)
    i.USBD_FS_DeviceDescriptor               0x08002184   Section        0  usbd_desc.o(i.USBD_FS_DeviceDescriptor)
    i.USBD_FS_InterfaceStrDescriptor         0x08002194   Section        0  usbd_desc.o(i.USBD_FS_InterfaceStrDescriptor)
    i.USBD_FS_LangIDStrDescriptor            0x080021d4   Section        0  usbd_desc.o(i.USBD_FS_LangIDStrDescriptor)
    i.USBD_FS_ManufacturerStrDescriptor      0x080021e4   Section        0  usbd_desc.o(i.USBD_FS_ManufacturerStrDescriptor)
    i.USBD_FS_ProductStrDescriptor           0x08002210   Section        0  usbd_desc.o(i.USBD_FS_ProductStrDescriptor)
    i.USBD_FS_SerialStrDescriptor            0x08002258   Section        0  usbd_desc.o(i.USBD_FS_SerialStrDescriptor)
    i.USBD_GetConfig                         0x08002290   Section        0  usbd_ctlreq.o(i.USBD_GetConfig)
    USBD_GetConfig                           0x08002291   Thumb Code    80  usbd_ctlreq.o(i.USBD_GetConfig)
    i.USBD_GetDescriptor                     0x080022e0   Section        0  usbd_ctlreq.o(i.USBD_GetDescriptor)
    USBD_GetDescriptor                       0x080022e1   Thumb Code   336  usbd_ctlreq.o(i.USBD_GetDescriptor)
    i.USBD_GetLen                            0x08002430   Section        0  usbd_ctlreq.o(i.USBD_GetLen)
    USBD_GetLen                              0x08002431   Thumb Code    20  usbd_ctlreq.o(i.USBD_GetLen)
    i.USBD_GetStatus                         0x08002444   Section        0  usbd_ctlreq.o(i.USBD_GetStatus)
    USBD_GetStatus                           0x08002445   Thumb Code    68  usbd_ctlreq.o(i.USBD_GetStatus)
    i.USBD_GetString                         0x08002488   Section        0  usbd_ctlreq.o(i.USBD_GetString)
    i.USBD_Init                              0x080024da   Section        0  usbd_core.o(i.USBD_Init)
    i.USBD_LL_ClearStallEP                   0x0800250c   Section        0  usbd_conf.o(i.USBD_LL_ClearStallEP)
    i.USBD_LL_CloseEP                        0x08002520   Section        0  usbd_conf.o(i.USBD_LL_CloseEP)
    i.USBD_LL_DataInStage                    0x08002534   Section        0  usbd_core.o(i.USBD_LL_DataInStage)
    i.USBD_LL_DataOutStage                   0x0800260e   Section        0  usbd_core.o(i.USBD_LL_DataOutStage)
    i.USBD_LL_DevConnected                   0x08002694   Section        0  usbd_core.o(i.USBD_LL_DevConnected)
    i.USBD_LL_DevDisconnected                0x0800269a   Section        0  usbd_core.o(i.USBD_LL_DevDisconnected)
    i.USBD_LL_Init                           0x080026b4   Section        0  usbd_conf.o(i.USBD_LL_Init)
    i.USBD_LL_IsStallEP                      0x0800271c   Section        0  usbd_conf.o(i.USBD_LL_IsStallEP)
    i.USBD_LL_IsoINIncomplete                0x08002754   Section        0  usbd_core.o(i.USBD_LL_IsoINIncomplete)
    i.USBD_LL_IsoOUTIncomplete               0x0800275a   Section        0  usbd_core.o(i.USBD_LL_IsoOUTIncomplete)
    i.USBD_LL_OpenEP                         0x08002760   Section        0  usbd_conf.o(i.USBD_LL_OpenEP)
    i.USBD_LL_PrepareReceive                 0x08002780   Section        0  usbd_conf.o(i.USBD_LL_PrepareReceive)
    i.USBD_LL_Reset                          0x080027a0   Section        0  usbd_core.o(i.USBD_LL_Reset)
    i.USBD_LL_Resume                         0x080027e4   Section        0  usbd_core.o(i.USBD_LL_Resume)
    i.USBD_LL_SOF                            0x080027f2   Section        0  usbd_core.o(i.USBD_LL_SOF)
    i.USBD_LL_SetSpeed                       0x08002814   Section        0  usbd_core.o(i.USBD_LL_SetSpeed)
    i.USBD_LL_SetUSBAddress                  0x0800281c   Section        0  usbd_conf.o(i.USBD_LL_SetUSBAddress)
    i.USBD_LL_SetupStage                     0x08002830   Section        0  usbd_core.o(i.USBD_LL_SetupStage)
    i.USBD_LL_StallEP                        0x0800289e   Section        0  usbd_conf.o(i.USBD_LL_StallEP)
    i.USBD_LL_Start                          0x080028b2   Section        0  usbd_conf.o(i.USBD_LL_Start)
    i.USBD_LL_Suspend                        0x080028c2   Section        0  usbd_core.o(i.USBD_LL_Suspend)
    i.USBD_LL_Transmit                       0x080028d6   Section        0  usbd_conf.o(i.USBD_LL_Transmit)
    i.USBD_ParseSetupRequest                 0x080028f6   Section        0  usbd_ctlreq.o(i.USBD_ParseSetupRequest)
    i.USBD_RegisterClass                     0x0800291e   Section        0  usbd_core.o(i.USBD_RegisterClass)
    i.USBD_RunTestMode                       0x0800292e   Section        0  usbd_core.o(i.USBD_RunTestMode)
    i.USBD_SetAddress                        0x08002934   Section        0  usbd_ctlreq.o(i.USBD_SetAddress)
    USBD_SetAddress                          0x08002935   Thumb Code    84  usbd_ctlreq.o(i.USBD_SetAddress)
    i.USBD_SetClassConfig                    0x08002988   Section        0  usbd_core.o(i.USBD_SetClassConfig)
    i.USBD_SetConfig                         0x080029ac   Section        0  usbd_ctlreq.o(i.USBD_SetConfig)
    USBD_SetConfig                           0x080029ad   Thumb Code   218  usbd_ctlreq.o(i.USBD_SetConfig)
    i.USBD_SetFeature                        0x08002a8c   Section        0  usbd_ctlreq.o(i.USBD_SetFeature)
    USBD_SetFeature                          0x08002a8d   Thumb Code    36  usbd_ctlreq.o(i.USBD_SetFeature)
    i.USBD_Start                             0x08002ab0   Section        0  usbd_core.o(i.USBD_Start)
    i.USBD_StdDevReq                         0x08002abe   Section        0  usbd_ctlreq.o(i.USBD_StdDevReq)
    i.USBD_StdEPReq                          0x08002b30   Section        0  usbd_ctlreq.o(i.USBD_StdEPReq)
    i.USBD_StdItfReq                         0x08002c86   Section        0  usbd_ctlreq.o(i.USBD_StdItfReq)
    i.USB_ActivateEndpoint                   0x08002cd0   Section        0  stm32f4xx_ll_usb.o(i.USB_ActivateEndpoint)
    i.USB_ActivateSetup                      0x08002d94   Section        0  stm32f4xx_ll_usb.o(i.USB_ActivateSetup)
    i.USB_CoreInit                           0x08002dd8   Section        0  stm32f4xx_ll_usb.o(i.USB_CoreInit)
    i.USB_CoreReset                          0x08002e48   Section        0  stm32f4xx_ll_usb.o(i.USB_CoreReset)
    USB_CoreReset                            0x08002e49   Thumb Code    70  stm32f4xx_ll_usb.o(i.USB_CoreReset)
    i.USB_DeactivateEndpoint                 0x08002e94   Section        0  stm32f4xx_ll_usb.o(i.USB_DeactivateEndpoint)
    i.USB_DevConnect                         0x08002f3c   Section        0  stm32f4xx_ll_usb.o(i.USB_DevConnect)
    i.USB_DevDisconnect                      0x08002f5a   Section        0  stm32f4xx_ll_usb.o(i.USB_DevDisconnect)
    i.USB_DevInit                            0x08002f78   Section        0  stm32f4xx_ll_usb.o(i.USB_DevInit)
    i.USB_DisableGlobalInt                   0x08003114   Section        0  stm32f4xx_ll_usb.o(i.USB_DisableGlobalInt)
    i.USB_EP0StartXfer                       0x08003124   Section        0  stm32f4xx_ll_usb.o(i.USB_EP0StartXfer)
    i.USB_EP0_OutStart                       0x080032d4   Section        0  stm32f4xx_ll_usb.o(i.USB_EP0_OutStart)
    i.USB_EPClearStall                       0x08003318   Section        0  stm32f4xx_ll_usb.o(i.USB_EPClearStall)
    i.USB_EPSetStall                         0x080033a0   Section        0  stm32f4xx_ll_usb.o(i.USB_EPSetStall)
    i.USB_EPStartXfer                        0x0800342c   Section        0  stm32f4xx_ll_usb.o(i.USB_EPStartXfer)
    i.USB_EnableGlobalInt                    0x080036fc   Section        0  stm32f4xx_ll_usb.o(i.USB_EnableGlobalInt)
    i.USB_FlushRxFifo                        0x0800370c   Section        0  stm32f4xx_ll_usb.o(i.USB_FlushRxFifo)
    i.USB_FlushTxFifo                        0x08003738   Section        0  stm32f4xx_ll_usb.o(i.USB_FlushTxFifo)
    i.USB_GetDevSpeed                        0x08003768   Section        0  stm32f4xx_ll_usb.o(i.USB_GetDevSpeed)
    i.USB_GetMode                            0x080037ac   Section        0  stm32f4xx_ll_usb.o(i.USB_GetMode)
    i.USB_ReadDevAllInEpInterrupt            0x080037b6   Section        0  stm32f4xx_ll_usb.o(i.USB_ReadDevAllInEpInterrupt)
    i.USB_ReadDevAllOutEpInterrupt           0x080037c8   Section        0  stm32f4xx_ll_usb.o(i.USB_ReadDevAllOutEpInterrupt)
    i.USB_ReadDevInEPInterrupt               0x080037da   Section        0  stm32f4xx_ll_usb.o(i.USB_ReadDevInEPInterrupt)
    i.USB_ReadDevOutEPInterrupt              0x08003806   Section        0  stm32f4xx_ll_usb.o(i.USB_ReadDevOutEPInterrupt)
    i.USB_ReadInterrupts                     0x0800381c   Section        0  stm32f4xx_ll_usb.o(i.USB_ReadInterrupts)
    i.USB_ReadPacket                         0x08003828   Section        0  stm32f4xx_ll_usb.o(i.USB_ReadPacket)
    i.USB_SetCurrentMode                     0x08003850   Section        0  stm32f4xx_ll_usb.o(i.USB_SetCurrentMode)
    i.USB_SetDevAddress                      0x08003880   Section        0  stm32f4xx_ll_usb.o(i.USB_SetDevAddress)
    i.USB_SetDevSpeed                        0x080038a4   Section        0  stm32f4xx_ll_usb.o(i.USB_SetDevSpeed)
    i.USB_WritePacket                        0x080038b4   Section        0  stm32f4xx_ll_usb.o(i.USB_WritePacket)
    i.__scatterload_copy                     0x080038ee   Section       14  handlers.o(i.__scatterload_copy)
    i.__scatterload_null                     0x080038fc   Section        2  handlers.o(i.__scatterload_null)
    i.__scatterload_zeroinit                 0x080038fe   Section       14  handlers.o(i.__scatterload_zeroinit)
    i.free                                   0x0800390c   Section        0  malloc.o(i.free)
    i.main                                   0x0800395c   Section        0  main.o(i.main)
    i.malloc                                 0x080039c4   Section        0  malloc.o(i.malloc)
    .constdata                               0x08003a30   Section       16  stm32f4xx_hal_rcc.o(.constdata)
    .data                                    0x20000000   Section        1  usbd_ctlreq.o(.data)
    cfgidx                                   0x20000000   Data           1  usbd_ctlreq.o(.data)
    .data                                    0x20000004   Section      126  usbd_customhid.o(.data)
    USBD_CUSTOM_HID_CfgDesc                  0x20000040   Data          41  usbd_customhid.o(.data)
    USBD_CUSTOM_HID_Desc                     0x2000006c   Data           9  usbd_customhid.o(.data)
    USBD_CUSTOM_HID_DeviceQualifierDesc      0x20000078   Data          10  usbd_customhid.o(.data)
    .data                                    0x20000084   Section       24  usbd_custom_hid_if.o(.data)
    CUSTOM_HID_ReportDesc_FS                 0x20000084   Data           2  usbd_custom_hid_if.o(.data)
    .data                                    0x2000009c   Section       52  usbd_desc.o(.data)
    .data                                    0x200000d0   Section        4  system_stm32f4xx.o(.data)
    .data                                    0x200000d4   Section        4  stm32f4xx_hal.o(.data)
    uwTick                                   0x200000d4   Data           4  stm32f4xx_hal.o(.data)
    .data                                    0x200000d8   Section        4  mvars.o(.data)
    .data                                    0x200000dc   Section        4  mvars.o(.data)
    .bss                                     0x200000e0   Section      548  usb_device.o(.bss)
    .bss                                     0x20000304   Section      952  usbd_conf.o(.bss)
    .bss                                     0x200006bc   Section      512  usbd_desc.o(.bss)
    HEAP                                     0x200008c0   Section      768  startup_stm32f407xx.o(HEAP)
    STACK                                    0x20000bc0   Section     1024  startup_stm32f407xx.o(STACK)

    Global Symbols

    Symbol Name                              Value     Ov Type        Size  Object(Section)

    BuildAttributes$$THM_ISAv4$E$P$D$K$B$S$7EM$VFPi3$EXTD16$VFPS$VFMA$PE$A:L22UL41UL21$X:L11$S22US41US21$IEEE1$IW$USESV6$~STKCKD$USESV7$~SHL$OSPACE$EBA8$MICROLIB$REQ8$PRES8$EABIv2 0x00000000   Number         0  anon$$obj.o ABSOLUTE
    __ARM_use_no_argv                        0x00000000   Number         0  main.o ABSOLUTE
    __cpp_initialize__aeabi_                  - Undefined Weak Reference
    __cxa_finalize                            - Undefined Weak Reference
    __decompress                              - Undefined Weak Reference
    _clock_init                               - Undefined Weak Reference
    _microlib_exit                            - Undefined Weak Reference
    __Vectors_Size                           0x00000188   Number         0  startup_stm32f407xx.o ABSOLUTE
    __Vectors                                0x08000000   Data           4  startup_stm32f407xx.o(RESET)
    __Vectors_End                            0x08000188   Data           0  startup_stm32f407xx.o(RESET)
    __main                                   0x08000189   Thumb Code     0  entry.o(.ARM.Collect$$$$00000000)
    _main_stk                                0x08000189   Thumb Code     0  entry2.o(.ARM.Collect$$$$00000001)
    _main_scatterload                        0x0800018d   Thumb Code     0  entry5.o(.ARM.Collect$$$$00000004)
    __main_after_scatterload                 0x08000191   Thumb Code     0  entry5.o(.ARM.Collect$$$$00000004)
    _main_clock                              0x08000191   Thumb Code     0  entry7b.o(.ARM.Collect$$$$00000008)
    _main_cpp_init                           0x08000191   Thumb Code     0  entry8b.o(.ARM.Collect$$$$0000000A)
    _main_init                               0x08000191   Thumb Code     0  entry9a.o(.ARM.Collect$$$$0000000B)
    __rt_final_cpp                           0x08000199   Thumb Code     0  entry10a.o(.ARM.Collect$$$$0000000D)
    __rt_final_exit                          0x08000199   Thumb Code     0  entry11a.o(.ARM.Collect$$$$0000000F)
    Reset_Handler                            0x0800019d   Thumb Code     8  startup_stm32f407xx.o(.text)
    NMI_Handler                              0x080001a5   Thumb Code     2  startup_stm32f407xx.o(.text)
    HardFault_Handler                        0x080001a7   Thumb Code     2  startup_stm32f407xx.o(.text)
    MemManage_Handler                        0x080001a9   Thumb Code     2  startup_stm32f407xx.o(.text)
    BusFault_Handler                         0x080001ab   Thumb Code     2  startup_stm32f407xx.o(.text)
    UsageFault_Handler                       0x080001ad   Thumb Code     2  startup_stm32f407xx.o(.text)
    SVC_Handler                              0x080001af   Thumb Code     2  startup_stm32f407xx.o(.text)
    DebugMon_Handler                         0x080001b1   Thumb Code     2  startup_stm32f407xx.o(.text)
    PendSV_Handler                           0x080001b3   Thumb Code     2  startup_stm32f407xx.o(.text)
    ADC_IRQHandler                           0x080001b7   Thumb Code     0  startup_stm32f407xx.o(.text)
    CAN1_RX0_IRQHandler                      0x080001b7   Thumb Code     0  startup_stm32f407xx.o(.text)
    CAN1_RX1_IRQHandler                      0x080001b7   Thumb Code     0  startup_stm32f407xx.o(.text)
    CAN1_SCE_IRQHandler                      0x080001b7   Thumb Code     0  startup_stm32f407xx.o(.text)
    CAN1_TX_IRQHandler                       0x080001b7   Thumb Code     0  startup_stm32f407xx.o(.text)
    CAN2_RX0_IRQHandler                      0x080001b7   Thumb Code     0  startup_stm32f407xx.o(.text)
    CAN2_RX1_IRQHandler                      0x080001b7   Thumb Code     0  startup_stm32f407xx.o(.text)
    CAN2_SCE_IRQHandler                      0x080001b7   Thumb Code     0  startup_stm32f407xx.o(.text)
    CAN2_TX_IRQHandler                       0x080001b7   Thumb Code     0  startup_stm32f407xx.o(.text)
    DCMI_IRQHandler                          0x080001b7   Thumb Code     0  startup_stm32f407xx.o(.text)
    DMA1_Stream0_IRQHandler                  0x080001b7   Thumb Code     0  startup_stm32f407xx.o(.text)
    DMA1_Stream1_IRQHandler                  0x080001b7   Thumb Code     0  startup_stm32f407xx.o(.text)
    DMA1_Stream2_IRQHandler                  0x080001b7   Thumb Code     0  startup_stm32f407xx.o(.text)
    DMA1_Stream3_IRQHandler                  0x080001b7   Thumb Code     0  startup_stm32f407xx.o(.text)
    DMA1_Stream4_IRQHandler                  0x080001b7   Thumb Code     0  startup_stm32f407xx.o(.text)
    DMA1_Stream5_IRQHandler                  0x080001b7   Thumb Code     0  startup_stm32f407xx.o(.text)
    DMA1_Stream6_IRQHandler                  0x080001b7   Thumb Code     0  startup_stm32f407xx.o(.text)
    DMA1_Stream7_IRQHandler                  0x080001b7   Thumb Code     0  startup_stm32f407xx.o(.text)
    DMA2_Stream0_IRQHandler                  0x080001b7   Thumb Code     0  startup_stm32f407xx.o(.text)
    DMA2_Stream1_IRQHandler                  0x080001b7   Thumb Code     0  startup_stm32f407xx.o(.text)
    DMA2_Stream2_IRQHandler                  0x080001b7   Thumb Code     0  startup_stm32f407xx.o(.text)
    DMA2_Stream3_IRQHandler                  0x080001b7   Thumb Code     0  startup_stm32f407xx.o(.text)
    DMA2_Stream4_IRQHandler                  0x080001b7   Thumb Code     0  startup_stm32f407xx.o(.text)
    DMA2_Stream5_IRQHandler                  0x080001b7   Thumb Code     0  startup_stm32f407xx.o(.text)
    DMA2_Stream6_IRQHandler                  0x080001b7   Thumb Code     0  startup_stm32f407xx.o(.text)
    DMA2_Stream7_IRQHandler                  0x080001b7   Thumb Code     0  startup_stm32f407xx.o(.text)
    ETH_IRQHandler                           0x080001b7   Thumb Code     0  startup_stm32f407xx.o(.text)
    ETH_WKUP_IRQHandler                      0x080001b7   Thumb Code     0  startup_stm32f407xx.o(.text)
    EXTI0_IRQHandler                         0x080001b7   Thumb Code     0  startup_stm32f407xx.o(.text)
    EXTI15_10_IRQHandler                     0x080001b7   Thumb Code     0  startup_stm32f407xx.o(.text)
    EXTI1_IRQHandler                         0x080001b7   Thumb Code     0  startup_stm32f407xx.o(.text)
    EXTI2_IRQHandler                         0x080001b7   Thumb Code     0  startup_stm32f407xx.o(.text)
    EXTI3_IRQHandler                         0x080001b7   Thumb Code     0  startup_stm32f407xx.o(.text)
    EXTI4_IRQHandler                         0x080001b7   Thumb Code     0  startup_stm32f407xx.o(.text)
    EXTI9_5_IRQHandler                       0x080001b7   Thumb Code     0  startup_stm32f407xx.o(.text)
    FLASH_IRQHandler                         0x080001b7   Thumb Code     0  startup_stm32f407xx.o(.text)
    FMC_IRQHandler                           0x080001b7   Thumb Code     0  startup_stm32f407xx.o(.text)
    FPU_IRQHandler                           0x080001b7   Thumb Code     0  startup_stm32f407xx.o(.text)
    HASH_RNG_IRQHandler                      0x080001b7   Thumb Code     0  startup_stm32f407xx.o(.text)
    I2C1_ER_IRQHandler                       0x080001b7   Thumb Code     0  startup_stm32f407xx.o(.text)
    I2C1_EV_IRQHandler                       0x080001b7   Thumb Code     0  startup_stm32f407xx.o(.text)
    I2C2_ER_IRQHandler                       0x080001b7   Thumb Code     0  startup_stm32f407xx.o(.text)
    I2C2_EV_IRQHandler                       0x080001b7   Thumb Code     0  startup_stm32f407xx.o(.text)
    I2C3_ER_IRQHandler                       0x080001b7   Thumb Code     0  startup_stm32f407xx.o(.text)
    I2C3_EV_IRQHandler                       0x080001b7   Thumb Code     0  startup_stm32f407xx.o(.text)
    OTG_FS_WKUP_IRQHandler                   0x080001b7   Thumb Code     0  startup_stm32f407xx.o(.text)
    OTG_HS_EP1_IN_IRQHandler                 0x080001b7   Thumb Code     0  startup_stm32f407xx.o(.text)
    OTG_HS_EP1_OUT_IRQHandler                0x080001b7   Thumb Code     0  startup_stm32f407xx.o(.text)
    OTG_HS_IRQHandler                        0x080001b7   Thumb Code     0  startup_stm32f407xx.o(.text)
    OTG_HS_WKUP_IRQHandler                   0x080001b7   Thumb Code     0  startup_stm32f407xx.o(.text)
    PVD_IRQHandler                           0x080001b7   Thumb Code     0  startup_stm32f407xx.o(.text)
    RCC_IRQHandler                           0x080001b7   Thumb Code     0  startup_stm32f407xx.o(.text)
    RTC_Alarm_IRQHandler                     0x080001b7   Thumb Code     0  startup_stm32f407xx.o(.text)
    RTC_WKUP_IRQHandler                      0x080001b7   Thumb Code     0  startup_stm32f407xx.o(.text)
    SDIO_IRQHandler                          0x080001b7   Thumb Code     0  startup_stm32f407xx.o(.text)
    SPI1_IRQHandler                          0x080001b7   Thumb Code     0  startup_stm32f407xx.o(.text)
    SPI2_IRQHandler                          0x080001b7   Thumb Code     0  startup_stm32f407xx.o(.text)
    SPI3_IRQHandler                          0x080001b7   Thumb Code     0  startup_stm32f407xx.o(.text)
    TAMP_STAMP_IRQHandler                    0x080001b7   Thumb Code     0  startup_stm32f407xx.o(.text)
    TIM1_BRK_TIM9_IRQHandler                 0x080001b7   Thumb Code     0  startup_stm32f407xx.o(.text)
    TIM1_CC_IRQHandler                       0x080001b7   Thumb Code     0  startup_stm32f407xx.o(.text)
    TIM1_TRG_COM_TIM11_IRQHandler            0x080001b7   Thumb Code     0  startup_stm32f407xx.o(.text)
    TIM1_UP_TIM10_IRQHandler                 0x080001b7   Thumb Code     0  startup_stm32f407xx.o(.text)
    TIM2_IRQHandler                          0x080001b7   Thumb Code     0  startup_stm32f407xx.o(.text)
    TIM3_IRQHandler                          0x080001b7   Thumb Code     0  startup_stm32f407xx.o(.text)
    TIM4_IRQHandler                          0x080001b7   Thumb Code     0  startup_stm32f407xx.o(.text)
    TIM5_IRQHandler                          0x080001b7   Thumb Code     0  startup_stm32f407xx.o(.text)
    TIM6_DAC_IRQHandler                      0x080001b7   Thumb Code     0  startup_stm32f407xx.o(.text)
    TIM7_IRQHandler                          0x080001b7   Thumb Code     0  startup_stm32f407xx.o(.text)
    TIM8_BRK_TIM12_IRQHandler                0x080001b7   Thumb Code     0  startup_stm32f407xx.o(.text)
    TIM8_CC_IRQHandler                       0x080001b7   Thumb Code     0  startup_stm32f407xx.o(.text)
    TIM8_TRG_COM_TIM14_IRQHandler            0x080001b7   Thumb Code     0  startup_stm32f407xx.o(.text)
    TIM8_UP_TIM13_IRQHandler                 0x080001b7   Thumb Code     0  startup_stm32f407xx.o(.text)
    UART4_IRQHandler                         0x080001b7   Thumb Code     0  startup_stm32f407xx.o(.text)
    UART5_IRQHandler                         0x080001b7   Thumb Code     0  startup_stm32f407xx.o(.text)
    USART1_IRQHandler                        0x080001b7   Thumb Code     0  startup_stm32f407xx.o(.text)
    USART2_IRQHandler                        0x080001b7   Thumb Code     0  startup_stm32f407xx.o(.text)
    USART3_IRQHandler                        0x080001b7   Thumb Code     0  startup_stm32f407xx.o(.text)
    USART6_IRQHandler                        0x080001b7   Thumb Code     0  startup_stm32f407xx.o(.text)
    WWDG_IRQHandler                          0x080001b7   Thumb Code     0  startup_stm32f407xx.o(.text)
    __aeabi_memcpy                           0x080001c1   Thumb Code    36  memcpya.o(.text)
    __aeabi_memcpy4                          0x080001c1   Thumb Code     0  memcpya.o(.text)
    __aeabi_memcpy8                          0x080001c1   Thumb Code     0  memcpya.o(.text)
    __scatterload                            0x080001e5   Thumb Code    28  init.o(.text)
    __scatterload_rt2                        0x080001e5   Thumb Code     0  init.o(.text)
    HAL_Delay                                0x08000227   Thumb Code    26  stm32f4xx_hal.o(i.HAL_Delay)
    HAL_GPIO_Init                            0x08000241   Thumb Code   476  stm32f4xx_hal_gpio.o(i.HAL_GPIO_Init)
    HAL_GPIO_ReadPin                         0x0800044d   Thumb Code    16  stm32f4xx_hal_gpio.o(i.HAL_GPIO_ReadPin)
    HAL_GPIO_WritePin                        0x0800045d   Thumb Code    12  stm32f4xx_hal_gpio.o(i.HAL_GPIO_WritePin)
    HAL_GetTick                              0x08000469   Thumb Code     6  stm32f4xx_hal.o(i.HAL_GetTick)
    HAL_IncTick                              0x08000475   Thumb Code    12  stm32f4xx_hal.o(i.HAL_IncTick)
    HAL_Init                                 0x08000485   Thumb Code    54  stm32f4xx_hal.o(i.HAL_Init)
    HAL_InitTick                             0x080004c1   Thumb Code    36  stm32f4xx_hal.o(i.HAL_InitTick)
    HAL_MspInit                              0x080004e5   Thumb Code    20  stm32f4xx_hal_msp.o(i.HAL_MspInit)
    HAL_NVIC_EnableIRQ                       0x080004f9   Thumb Code    26  stm32f4xx_hal_cortex.o(i.HAL_NVIC_EnableIRQ)
    HAL_NVIC_SetPriority                     0x08000513   Thumb Code   124  stm32f4xx_hal_cortex.o(i.HAL_NVIC_SetPriority)
    HAL_NVIC_SetPriorityGrouping             0x08000591   Thumb Code    32  stm32f4xx_hal_cortex.o(i.HAL_NVIC_SetPriorityGrouping)
    HAL_PCDEx_SetRxFiFo                      0x080005b9   Thumb Code    10  stm32f4xx_hal_pcd_ex.o(i.HAL_PCDEx_SetRxFiFo)
    HAL_PCDEx_SetTxFiFo                      0x080005c3   Thumb Code    82  stm32f4xx_hal_pcd_ex.o(i.HAL_PCDEx_SetTxFiFo)
    HAL_PCD_ConnectCallback                  0x08000615   Thumb Code    14  usbd_conf.o(i.HAL_PCD_ConnectCallback)
    HAL_PCD_DataInStageCallback              0x08000623   Thumb Code    32  usbd_conf.o(i.HAL_PCD_DataInStageCallback)
    HAL_PCD_DataOutStageCallback             0x08000643   Thumb Code    32  usbd_conf.o(i.HAL_PCD_DataOutStageCallback)
    HAL_PCD_DisconnectCallback               0x08000663   Thumb Code    14  usbd_conf.o(i.HAL_PCD_DisconnectCallback)
    HAL_PCD_EP_Close                         0x08000671   Thumb Code   106  stm32f4xx_hal_pcd.o(i.HAL_PCD_EP_Close)
    HAL_PCD_EP_ClrStall                      0x080006db   Thumb Code   104  stm32f4xx_hal_pcd.o(i.HAL_PCD_EP_ClrStall)
    HAL_PCD_EP_Open                          0x08000743   Thumb Code   140  stm32f4xx_hal_pcd.o(i.HAL_PCD_EP_Open)
    HAL_PCD_EP_Receive                       0x080007cf   Thumb Code   120  stm32f4xx_hal_pcd.o(i.HAL_PCD_EP_Receive)
    HAL_PCD_EP_SetStall                      0x08000847   Thumb Code   122  stm32f4xx_hal_pcd.o(i.HAL_PCD_EP_SetStall)
    HAL_PCD_EP_Transmit                      0x080008c1   Thumb Code   122  stm32f4xx_hal_pcd.o(i.HAL_PCD_EP_Transmit)
    HAL_PCD_IRQHandler                       0x0800093b   Thumb Code  1374  stm32f4xx_hal_pcd.o(i.HAL_PCD_IRQHandler)
    HAL_PCD_ISOINIncompleteCallback          0x08000e99   Thumb Code    18  usbd_conf.o(i.HAL_PCD_ISOINIncompleteCallback)
    HAL_PCD_ISOOUTIncompleteCallback         0x08000eab   Thumb Code    18  usbd_conf.o(i.HAL_PCD_ISOOUTIncompleteCallback)
    HAL_PCD_Init                             0x08000ebd   Thumb Code   322  stm32f4xx_hal_pcd.o(i.HAL_PCD_Init)
    HAL_PCD_MspInit                          0x08001001   Thumb Code   134  usbd_conf.o(i.HAL_PCD_MspInit)
    HAL_PCD_ResetCallback                    0x08001091   Thumb Code    50  usbd_conf.o(i.HAL_PCD_ResetCallback)
    HAL_PCD_ResumeCallback                   0x080010c3   Thumb Code    14  usbd_conf.o(i.HAL_PCD_ResumeCallback)
    HAL_PCD_SOFCallback                      0x080010d1   Thumb Code    14  usbd_conf.o(i.HAL_PCD_SOFCallback)
    HAL_PCD_SetAddress                       0x080010df   Thumb Code    50  stm32f4xx_hal_pcd.o(i.HAL_PCD_SetAddress)
    HAL_PCD_SetupStageCallback               0x08001111   Thumb Code    18  usbd_conf.o(i.HAL_PCD_SetupStageCallback)
    HAL_PCD_Start                            0x08001123   Thumb Code    52  stm32f4xx_hal_pcd.o(i.HAL_PCD_Start)
    HAL_PCD_SuspendCallback                  0x08001159   Thumb Code    46  usbd_conf.o(i.HAL_PCD_SuspendCallback)
    HAL_RCC_ClockConfig                      0x0800118d   Thumb Code   680  stm32f4xx_hal_rcc.o(i.HAL_RCC_ClockConfig)
    HAL_RCC_GetHCLKFreq                      0x0800143d   Thumb Code    42  stm32f4xx_hal_rcc.o(i.HAL_RCC_GetHCLKFreq)
    HAL_RCC_GetSysClockFreq                  0x08001475   Thumb Code   168  stm32f4xx_hal_rcc.o(i.HAL_RCC_GetSysClockFreq)
    HAL_RCC_OscConfig                        0x08001529   Thumb Code  1002  stm32f4xx_hal_rcc.o(i.HAL_RCC_OscConfig)
    HAL_SYSTICK_CLKSourceConfig              0x08001925   Thumb Code    40  stm32f4xx_hal_cortex.o(i.HAL_SYSTICK_CLKSourceConfig)
    HAL_SYSTICK_Callback                     0x0800194d   Thumb Code     2  stm32f4xx_hal_cortex.o(i.HAL_SYSTICK_Callback)
    HAL_SYSTICK_Config                       0x0800194f   Thumb Code    52  stm32f4xx_hal_cortex.o(i.HAL_SYSTICK_Config)
    HAL_SYSTICK_IRQHandler                   0x08001983   Thumb Code     8  stm32f4xx_hal_cortex.o(i.HAL_SYSTICK_IRQHandler)
    MX_GPIO_Init                             0x0800198d   Thumb Code   496  gpio.o(i.MX_GPIO_Init)
    MX_USB_DEVICE_Init                       0x08001b99   Thumb Code    36  usb_device.o(i.MX_USB_DEVICE_Init)
    OTG_FS_IRQHandler                        0x08001c05   Thumb Code    10  stm32f4xx_it.o(i.OTG_FS_IRQHandler)
    SysTick_Handler                          0x08001cc5   Thumb Code    12  stm32f4xx_it.o(i.SysTick_Handler)
    SystemClock_Config                       0x08001cd1   Thumb Code   176  main.o(i.SystemClock_Config)
    SystemInit                               0x08001d89   Thumb Code    82  system_stm32f4xx.o(i.SystemInit)
    USBD_CUSTOM_HID_RegisterInterface        0x08001ef1   Thumb Code    14  usbd_customhid.o(i.USBD_CUSTOM_HID_RegisterInterface)
    USBD_CUSTOM_HID_SendReport               0x08001eff   Thumb Code    48  usbd_customhid.o(i.USBD_CUSTOM_HID_SendReport)
    USBD_ClrClassConfig                      0x08002029   Thumb Code    22  usbd_core.o(i.USBD_ClrClassConfig)
    USBD_CtlContinueRx                       0x08002083   Thumb Code    24  usbd_ioreq.o(i.USBD_CtlContinueRx)
    USBD_CtlContinueSendData                 0x0800209b   Thumb Code    24  usbd_ioreq.o(i.USBD_CtlContinueSendData)
    USBD_CtlError                            0x080020b3   Thumb Code    24  usbd_ctlreq.o(i.USBD_CtlError)
    USBD_CtlPrepareRx                        0x080020cb   Thumb Code    40  usbd_ioreq.o(i.USBD_CtlPrepareRx)
    USBD_CtlReceiveStatus                    0x080020f3   Thumb Code    26  usbd_ioreq.o(i.USBD_CtlReceiveStatus)
    USBD_CtlSendData                         0x0800210d   Thumb Code    34  usbd_ioreq.o(i.USBD_CtlSendData)
    USBD_CtlSendStatus                       0x0800212f   Thumb Code    26  usbd_ioreq.o(i.USBD_CtlSendStatus)
    USBD_FS_ConfigStrDescriptor              0x08002149   Thumb Code    34  usbd_desc.o(i.USBD_FS_ConfigStrDescriptor)
    USBD_FS_DeviceDescriptor                 0x08002185   Thumb Code    10  usbd_desc.o(i.USBD_FS_DeviceDescriptor)
    USBD_FS_InterfaceStrDescriptor           0x08002195   Thumb Code    34  usbd_desc.o(i.USBD_FS_InterfaceStrDescriptor)
    USBD_FS_LangIDStrDescriptor              0x080021d5   Thumb Code    10  usbd_desc.o(i.USBD_FS_LangIDStrDescriptor)
    USBD_FS_ManufacturerStrDescriptor        0x080021e5   Thumb Code    20  usbd_desc.o(i.USBD_FS_ManufacturerStrDescriptor)
    USBD_FS_ProductStrDescriptor             0x08002211   Thumb Code    34  usbd_desc.o(i.USBD_FS_ProductStrDescriptor)
    USBD_FS_SerialStrDescriptor              0x08002259   Thumb Code    34  usbd_desc.o(i.USBD_FS_SerialStrDescriptor)
    USBD_GetString                           0x08002489   Thumb Code    82  usbd_ctlreq.o(i.USBD_GetString)
    USBD_Init                                0x080024db   Thumb Code    50  usbd_core.o(i.USBD_Init)
    USBD_LL_ClearStallEP                     0x0800250d   Thumb Code    20  usbd_conf.o(i.USBD_LL_ClearStallEP)
    USBD_LL_CloseEP                          0x08002521   Thumb Code    20  usbd_conf.o(i.USBD_LL_CloseEP)
    USBD_LL_DataInStage                      0x08002535   Thumb Code   218  usbd_core.o(i.USBD_LL_DataInStage)
    USBD_LL_DataOutStage                     0x0800260f   Thumb Code   134  usbd_core.o(i.USBD_LL_DataOutStage)
    USBD_LL_DevConnected                     0x08002695   Thumb Code     6  usbd_core.o(i.USBD_LL_DevConnected)
    USBD_LL_DevDisconnected                  0x0800269b   Thumb Code    26  usbd_core.o(i.USBD_LL_DevDisconnected)
    USBD_LL_Init                             0x080026b5   Thumb Code   100  usbd_conf.o(i.USBD_LL_Init)
    USBD_LL_IsStallEP                        0x0800271d   Thumb Code    56  usbd_conf.o(i.USBD_LL_IsStallEP)
    USBD_LL_IsoINIncomplete                  0x08002755   Thumb Code     6  usbd_core.o(i.USBD_LL_IsoINIncomplete)
    USBD_LL_IsoOUTIncomplete                 0x0800275b   Thumb Code     6  usbd_core.o(i.USBD_LL_IsoOUTIncomplete)
    USBD_LL_OpenEP                           0x08002761   Thumb Code    32  usbd_conf.o(i.USBD_LL_OpenEP)
    USBD_LL_PrepareReceive                   0x08002781   Thumb Code    32  usbd_conf.o(i.USBD_LL_PrepareReceive)
    USBD_LL_Reset                            0x080027a1   Thumb Code    68  usbd_core.o(i.USBD_LL_Reset)
    USBD_LL_Resume                           0x080027e5   Thumb Code    14  usbd_core.o(i.USBD_LL_Resume)
    USBD_LL_SOF                              0x080027f3   Thumb Code    34  usbd_core.o(i.USBD_LL_SOF)
    USBD_LL_SetSpeed                         0x08002815   Thumb Code     8  usbd_core.o(i.USBD_LL_SetSpeed)
    USBD_LL_SetUSBAddress                    0x0800281d   Thumb Code    20  usbd_conf.o(i.USBD_LL_SetUSBAddress)
    USBD_LL_SetupStage                       0x08002831   Thumb Code   110  usbd_core.o(i.USBD_LL_SetupStage)
    USBD_LL_StallEP                          0x0800289f   Thumb Code    20  usbd_conf.o(i.USBD_LL_StallEP)
    USBD_LL_Start                            0x080028b3   Thumb Code    16  usbd_conf.o(i.USBD_LL_Start)
    USBD_LL_Suspend                          0x080028c3   Thumb Code    20  usbd_core.o(i.USBD_LL_Suspend)
    USBD_LL_Transmit                         0x080028d7   Thumb Code    32  usbd_conf.o(i.USBD_LL_Transmit)
    USBD_ParseSetupRequest                   0x080028f7   Thumb Code    40  usbd_ctlreq.o(i.USBD_ParseSetupRequest)
    USBD_RegisterClass                       0x0800291f   Thumb Code    16  usbd_core.o(i.USBD_RegisterClass)
    USBD_RunTestMode                         0x0800292f   Thumb Code     6  usbd_core.o(i.USBD_RunTestMode)
    USBD_SetClassConfig                      0x08002989   Thumb Code    34  usbd_core.o(i.USBD_SetClassConfig)
    USBD_Start                               0x08002ab1   Thumb Code    14  usbd_core.o(i.USBD_Start)
    USBD_StdDevReq                           0x08002abf   Thumb Code   114  usbd_ctlreq.o(i.USBD_StdDevReq)
    USBD_StdEPReq                            0x08002b31   Thumb Code   342  usbd_ctlreq.o(i.USBD_StdEPReq)
    USBD_StdItfReq                           0x08002c87   Thumb Code    74  usbd_ctlreq.o(i.USBD_StdItfReq)
    USB_ActivateEndpoint                     0x08002cd1   Thumb Code   192  stm32f4xx_ll_usb.o(i.USB_ActivateEndpoint)
    USB_ActivateSetup                        0x08002d95   Thumb Code    68  stm32f4xx_ll_usb.o(i.USB_ActivateSetup)
    USB_CoreInit                             0x08002dd9   Thumb Code   108  stm32f4xx_ll_usb.o(i.USB_CoreInit)
    USB_DeactivateEndpoint                   0x08002e95   Thumb Code   162  stm32f4xx_ll_usb.o(i.USB_DeactivateEndpoint)
    USB_DevConnect                           0x08002f3d   Thumb Code    30  stm32f4xx_ll_usb.o(i.USB_DevConnect)
    USB_DevDisconnect                        0x08002f5b   Thumb Code    30  stm32f4xx_ll_usb.o(i.USB_DevDisconnect)
    USB_DevInit                              0x08002f79   Thumb Code   396  stm32f4xx_ll_usb.o(i.USB_DevInit)
    USB_DisableGlobalInt                     0x08003115   Thumb Code    14  stm32f4xx_ll_usb.o(i.USB_DisableGlobalInt)
    USB_EP0StartXfer                         0x08003125   Thumb Code   426  stm32f4xx_ll_usb.o(i.USB_EP0StartXfer)
    USB_EP0_OutStart                         0x080032d5   Thumb Code    68  stm32f4xx_ll_usb.o(i.USB_EP0_OutStart)
    USB_EPClearStall                         0x08003319   Thumb Code   136  stm32f4xx_ll_usb.o(i.USB_EPClearStall)
    USB_EPSetStall                           0x080033a1   Thumb Code   140  stm32f4xx_ll_usb.o(i.USB_EPSetStall)
    USB_EPStartXfer                          0x0800342d   Thumb Code   714  stm32f4xx_ll_usb.o(i.USB_EPStartXfer)
    USB_EnableGlobalInt                      0x080036fd   Thumb Code    14  stm32f4xx_ll_usb.o(i.USB_EnableGlobalInt)
    USB_FlushRxFifo                          0x0800370d   Thumb Code    38  stm32f4xx_ll_usb.o(i.USB_FlushRxFifo)
    USB_FlushTxFifo                          0x08003739   Thumb Code    44  stm32f4xx_ll_usb.o(i.USB_FlushTxFifo)
    USB_GetDevSpeed                          0x08003769   Thumb Code    68  stm32f4xx_ll_usb.o(i.USB_GetDevSpeed)
    USB_GetMode                              0x080037ad   Thumb Code    10  stm32f4xx_ll_usb.o(i.USB_GetMode)
    USB_ReadDevAllInEpInterrupt              0x080037b7   Thumb Code    18  stm32f4xx_ll_usb.o(i.USB_ReadDevAllInEpInterrupt)
    USB_ReadDevAllOutEpInterrupt             0x080037c9   Thumb Code    18  stm32f4xx_ll_usb.o(i.USB_ReadDevAllOutEpInterrupt)
    USB_ReadDevInEPInterrupt                 0x080037db   Thumb Code    44  stm32f4xx_ll_usb.o(i.USB_ReadDevInEPInterrupt)
    USB_ReadDevOutEPInterrupt                0x08003807   Thumb Code    22  stm32f4xx_ll_usb.o(i.USB_ReadDevOutEPInterrupt)
    USB_ReadInterrupts                       0x0800381d   Thumb Code    12  stm32f4xx_ll_usb.o(i.USB_ReadInterrupts)
    USB_ReadPacket                           0x08003829   Thumb Code    40  stm32f4xx_ll_usb.o(i.USB_ReadPacket)
    USB_SetCurrentMode                       0x08003851   Thumb Code    48  stm32f4xx_ll_usb.o(i.USB_SetCurrentMode)
    USB_SetDevAddress                        0x08003881   Thumb Code    36  stm32f4xx_ll_usb.o(i.USB_SetDevAddress)
    USB_SetDevSpeed                          0x080038a5   Thumb Code    16  stm32f4xx_ll_usb.o(i.USB_SetDevSpeed)
    USB_WritePacket                          0x080038b5   Thumb Code    58  stm32f4xx_ll_usb.o(i.USB_WritePacket)
    __scatterload_copy                       0x080038ef   Thumb Code    14  handlers.o(i.__scatterload_copy)
    __scatterload_null                       0x080038fd   Thumb Code     2  handlers.o(i.__scatterload_null)
    __scatterload_zeroinit                   0x080038ff   Thumb Code    14  handlers.o(i.__scatterload_zeroinit)
    free                                     0x0800390d   Thumb Code    76  malloc.o(i.free)
    main                                     0x0800395d   Thumb Code    84  main.o(i.main)
    malloc                                   0x080039c5   Thumb Code    92  malloc.o(i.malloc)
    APBAHBPrescTable                         0x08003a30   Data          16  stm32f4xx_hal_rcc.o(.constdata)
    Region$$Table$$Base                      0x08003a40   Number         0  anon$$obj.o(Region$$Table)
    Region$$Table$$Limit                     0x08003a60   Number         0  anon$$obj.o(Region$$Table)
    USBD_CUSTOM_HID                          0x20000004   Data          60  usbd_customhid.o(.data)
    hUsbDevice_0                             0x20000088   Data           4  usbd_custom_hid_if.o(.data)
    USBD_CustomHID_fops_FS                   0x2000008c   Data          16  usbd_custom_hid_if.o(.data)
    FS_Desc                                  0x2000009c   Data          28  usbd_desc.o(.data)
    USBD_FS_DeviceDesc                       0x200000b8   Data          18  usbd_desc.o(.data)
    USBD_LangIDDesc                          0x200000cc   Data           4  usbd_desc.o(.data)
    SystemCoreClock                          0x200000d0   Data           4  system_stm32f4xx.o(.data)
    __microlib_freelist                      0x200000d8   Data           4  mvars.o(.data)
    __microlib_freelist_initialised          0x200000dc   Data           4  mvars.o(.data)
    hUsbDeviceFS                             0x200000e0   Data         548  usb_device.o(.bss)
    hpcd_USB_OTG_FS                          0x20000304   Data         952  usbd_conf.o(.bss)
    USBD_StrDesc                             0x200006bc   Data         512  usbd_desc.o(.bss)
    __heap_base                              0x200008c0   Data           0  startup_stm32f407xx.o(HEAP)
    __heap_limit                             0x20000bc0   Data           0  startup_stm32f407xx.o(HEAP)
    __initial_sp                             0x20000fc0   Data           0  startup_stm32f407xx.o(STACK)



==============================================================================

Memory Map of the image

  Image Entry point : 0x08000189

  Load Region LR_IROM1 (Base: 0x08000000, Size: 0x00003b40, Max: 0x00100000, ABSOLUTE)

    Execution Region ER_IROM1 (Base: 0x08000000, Size: 0x00003a60, Max: 0x00100000, ABSOLUTE)

    Base Addr    Size         Type   Attr      Idx    E Section Name        Object

    0x08000000   0x00000188   Data   RO            3    RESET               startup_stm32f407xx.o
    0x08000188   0x00000000   Code   RO         2542  * .ARM.Collect$$$$00000000  mc_w.l(entry.o)
    0x08000188   0x00000004   Code   RO         2577    .ARM.Collect$$$$00000001  mc_w.l(entry2.o)
    0x0800018c   0x00000004   Code   RO         2580    .ARM.Collect$$$$00000004  mc_w.l(entry5.o)
    0x08000190   0x00000000   Code   RO         2582    .ARM.Collect$$$$00000008  mc_w.l(entry7b.o)
    0x08000190   0x00000000   Code   RO         2584    .ARM.Collect$$$$0000000A  mc_w.l(entry8b.o)
    0x08000190   0x00000008   Code   RO         2585    .ARM.Collect$$$$0000000B  mc_w.l(entry9a.o)
    0x08000198   0x00000000   Code   RO         2587    .ARM.Collect$$$$0000000D  mc_w.l(entry10a.o)
    0x08000198   0x00000000   Code   RO         2589    .ARM.Collect$$$$0000000F  mc_w.l(entry11a.o)
    0x08000198   0x00000004   Code   RO         2578    .ARM.Collect$$$$00002712  mc_w.l(entry2.o)
    0x0800019c   0x00000024   Code   RO            4    .text               startup_stm32f407xx.o
    0x080001c0   0x00000024   Code   RO         2545    .text               mc_w.l(memcpya.o)
    0x080001e4   0x00000024   Code   RO         2593    .text               mc_w.l(init.o)
    0x08000208   0x00000004   Code   RO          543    i.CUSTOM_HID_DeInit_FS  usbd_custom_hid_if.o
    0x0800020c   0x00000014   Code   RO          544    i.CUSTOM_HID_Init_FS  usbd_custom_hid_if.o
    0x08000220   0x00000006   Code   RO          545    i.CUSTOM_HID_OutEvent_FS  usbd_custom_hid_if.o
    0x08000226   0x0000001a   Code   RO         1406    i.HAL_Delay         stm32f4xx_hal.o
    0x08000240   0x0000020c   Code   RO          995    i.HAL_GPIO_Init     stm32f4xx_hal_gpio.o
    0x0800044c   0x00000010   Code   RO          997    i.HAL_GPIO_ReadPin  stm32f4xx_hal_gpio.o
    0x0800045c   0x0000000c   Code   RO          999    i.HAL_GPIO_WritePin  stm32f4xx_hal_gpio.o
    0x08000468   0x0000000c   Code   RO         1412    i.HAL_GetTick       stm32f4xx_hal.o
    0x08000474   0x00000010   Code   RO         1413    i.HAL_IncTick       stm32f4xx_hal.o
    0x08000484   0x0000003c   Code   RO         1414    i.HAL_Init          stm32f4xx_hal.o
    0x080004c0   0x00000024   Code   RO         1415    i.HAL_InitTick      stm32f4xx_hal.o
    0x080004e4   0x00000014   Code   RO          617    i.HAL_MspInit       stm32f4xx_hal_msp.o
    0x080004f8   0x0000001a   Code   RO         1061    i.HAL_NVIC_EnableIRQ  stm32f4xx_hal_cortex.o
    0x08000512   0x0000007c   Code   RO         1067    i.HAL_NVIC_SetPriority  stm32f4xx_hal_cortex.o
    0x0800058e   0x00000002   PAD
    0x08000590   0x00000028   Code   RO         1068    i.HAL_NVIC_SetPriorityGrouping  stm32f4xx_hal_cortex.o
    0x080005b8   0x0000000a   Code   RO         2122    i.HAL_PCDEx_SetRxFiFo  stm32f4xx_hal_pcd_ex.o
    0x080005c2   0x00000052   Code   RO         2123    i.HAL_PCDEx_SetTxFiFo  stm32f4xx_hal_pcd_ex.o
    0x08000614   0x0000000e   Code   RO          699    i.HAL_PCD_ConnectCallback  usbd_conf.o
    0x08000622   0x00000020   Code   RO          700    i.HAL_PCD_DataInStageCallback  usbd_conf.o
    0x08000642   0x00000020   Code   RO          701    i.HAL_PCD_DataOutStageCallback  usbd_conf.o
    0x08000662   0x0000000e   Code   RO          702    i.HAL_PCD_DisconnectCallback  usbd_conf.o
    0x08000670   0x0000006a   Code   RO         1554    i.HAL_PCD_EP_Close  stm32f4xx_hal_pcd.o
    0x080006da   0x00000068   Code   RO         1555    i.HAL_PCD_EP_ClrStall  stm32f4xx_hal_pcd.o
    0x08000742   0x0000008c   Code   RO         1558    i.HAL_PCD_EP_Open   stm32f4xx_hal_pcd.o
    0x080007ce   0x00000078   Code   RO         1559    i.HAL_PCD_EP_Receive  stm32f4xx_hal_pcd.o
    0x08000846   0x0000007a   Code   RO         1560    i.HAL_PCD_EP_SetStall  stm32f4xx_hal_pcd.o
    0x080008c0   0x0000007a   Code   RO         1561    i.HAL_PCD_EP_Transmit  stm32f4xx_hal_pcd.o
    0x0800093a   0x0000055e   Code   RO         1563    i.HAL_PCD_IRQHandler  stm32f4xx_hal_pcd.o
    0x08000e98   0x00000012   Code   RO          703    i.HAL_PCD_ISOINIncompleteCallback  usbd_conf.o
    0x08000eaa   0x00000012   Code   RO          704    i.HAL_PCD_ISOOUTIncompleteCallback  usbd_conf.o
    0x08000ebc   0x00000142   Code   RO         1566    i.HAL_PCD_Init      stm32f4xx_hal_pcd.o
    0x08000ffe   0x00000002   PAD
    0x08001000   0x00000090   Code   RO          706    i.HAL_PCD_MspInit   usbd_conf.o
    0x08001090   0x00000032   Code   RO          707    i.HAL_PCD_ResetCallback  usbd_conf.o
    0x080010c2   0x0000000e   Code   RO          708    i.HAL_PCD_ResumeCallback  usbd_conf.o
    0x080010d0   0x0000000e   Code   RO          709    i.HAL_PCD_SOFCallback  usbd_conf.o
    0x080010de   0x00000032   Code   RO         1572    i.HAL_PCD_SetAddress  stm32f4xx_hal_pcd.o
    0x08001110   0x00000012   Code   RO          710    i.HAL_PCD_SetupStageCallback  usbd_conf.o
    0x08001122   0x00000034   Code   RO         1574    i.HAL_PCD_Start     stm32f4xx_hal_pcd.o
    0x08001156   0x00000002   PAD
    0x08001158   0x00000034   Code   RO          711    i.HAL_PCD_SuspendCallback  usbd_conf.o
    0x0800118c   0x000002b0   Code   RO         1761    i.HAL_RCC_ClockConfig  stm32f4xx_hal_rcc.o
    0x0800143c   0x00000038   Code   RO         1766    i.HAL_RCC_GetHCLKFreq  stm32f4xx_hal_rcc.o
    0x08001474   0x000000b4   Code   RO         1770    i.HAL_RCC_GetSysClockFreq  stm32f4xx_hal_rcc.o
    0x08001528   0x000003fc   Code   RO         1773    i.HAL_RCC_OscConfig  stm32f4xx_hal_rcc.o
    0x08001924   0x00000028   Code   RO         1070    i.HAL_SYSTICK_CLKSourceConfig  stm32f4xx_hal_cortex.o
    0x0800194c   0x00000002   Code   RO         1071    i.HAL_SYSTICK_Callback  stm32f4xx_hal_cortex.o
    0x0800194e   0x00000034   Code   RO         1072    i.HAL_SYSTICK_Config  stm32f4xx_hal_cortex.o
    0x08001982   0x00000008   Code   RO         1073    i.HAL_SYSTICK_IRQHandler  stm32f4xx_hal_cortex.o
    0x0800198a   0x00000002   PAD
    0x0800198c   0x0000020c   Code   RO          641    i.MX_GPIO_Init      gpio.o
    0x08001b98   0x00000034   Code   RO          583    i.MX_USB_DEVICE_Init  usb_device.o
    0x08001bcc   0x00000010   Code   RO         1074    i.NVIC_GetPriorityGrouping  stm32f4xx_hal_cortex.o
    0x08001bdc   0x00000028   Code   RO         1075    i.NVIC_SetPriority  stm32f4xx_hal_cortex.o
    0x08001c04   0x00000010   Code   RO          665    i.OTG_FS_IRQHandler  stm32f4xx_it.o
    0x08001c14   0x000000b0   Code   RO         1577    i.PCD_WriteEmptyTxFifo  stm32f4xx_hal_pcd.o
    0x08001cc4   0x0000000c   Code   RO          666    i.SysTick_Handler   stm32f4xx_it.o
    0x08001cd0   0x000000b8   Code   RO          501    i.SystemClock_Config  main.o
    0x08001d88   0x00000064   Code   RO          956    i.SystemInit        system_stm32f4xx.o
    0x08001dec   0x0000000c   Code   RO          361    i.USBD_CUSTOM_HID_DataIn  usbd_customhid.o
    0x08001df8   0x00000026   Code   RO          362    i.USBD_CUSTOM_HID_DataOut  usbd_customhid.o
    0x08001e1e   0x00000036   Code   RO          363    i.USBD_CUSTOM_HID_DeInit  usbd_customhid.o
    0x08001e54   0x00000022   Code   RO          364    i.USBD_CUSTOM_HID_EP0_RxReady  usbd_customhid.o
    0x08001e76   0x00000002   PAD
    0x08001e78   0x00000010   Code   RO          365    i.USBD_CUSTOM_HID_GetCfgDesc  usbd_customhid.o
    0x08001e88   0x00000010   Code   RO          366    i.USBD_CUSTOM_HID_GetDeviceQualifierDesc  usbd_customhid.o
    0x08001e98   0x00000058   Code   RO          367    i.USBD_CUSTOM_HID_Init  usbd_customhid.o
    0x08001ef0   0x0000000e   Code   RO          368    i.USBD_CUSTOM_HID_RegisterInterface  usbd_customhid.o
    0x08001efe   0x00000030   Code   RO          369    i.USBD_CUSTOM_HID_SendReport  usbd_customhid.o
    0x08001f2e   0x00000002   PAD
    0x08001f30   0x000000f8   Code   RO          370    i.USBD_CUSTOM_HID_Setup  usbd_customhid.o
    0x08002028   0x00000016   Code   RO           13    i.USBD_ClrClassConfig  usbd_core.o
    0x0800203e   0x00000044   Code   RO          266    i.USBD_ClrFeature   usbd_ctlreq.o
    0x08002082   0x00000018   Code   RO          441    i.USBD_CtlContinueRx  usbd_ioreq.o
    0x0800209a   0x00000018   Code   RO          442    i.USBD_CtlContinueSendData  usbd_ioreq.o
    0x080020b2   0x00000018   Code   RO          267    i.USBD_CtlError     usbd_ctlreq.o
    0x080020ca   0x00000028   Code   RO          443    i.USBD_CtlPrepareRx  usbd_ioreq.o
    0x080020f2   0x0000001a   Code   RO          444    i.USBD_CtlReceiveStatus  usbd_ioreq.o
    0x0800210c   0x00000022   Code   RO          445    i.USBD_CtlSendData  usbd_ioreq.o
    0x0800212e   0x0000001a   Code   RO          446    i.USBD_CtlSendStatus  usbd_ioreq.o
    0x08002148   0x0000003c   Code   RO          888    i.USBD_FS_ConfigStrDescriptor  usbd_desc.o
    0x08002184   0x00000010   Code   RO          889    i.USBD_FS_DeviceDescriptor  usbd_desc.o
    0x08002194   0x00000040   Code   RO          890    i.USBD_FS_InterfaceStrDescriptor  usbd_desc.o
    0x080021d4   0x00000010   Code   RO          891    i.USBD_FS_LangIDStrDescriptor  usbd_desc.o
    0x080021e4   0x0000002c   Code   RO          892    i.USBD_FS_ManufacturerStrDescriptor  usbd_desc.o
    0x08002210   0x00000048   Code   RO          893    i.USBD_FS_ProductStrDescriptor  usbd_desc.o
    0x08002258   0x00000038   Code   RO          894    i.USBD_FS_SerialStrDescriptor  usbd_desc.o
    0x08002290   0x00000050   Code   RO          268    i.USBD_GetConfig    usbd_ctlreq.o
    0x080022e0   0x00000150   Code   RO          269    i.USBD_GetDescriptor  usbd_ctlreq.o
    0x08002430   0x00000014   Code   RO          270    i.USBD_GetLen       usbd_ctlreq.o
    0x08002444   0x00000044   Code   RO          271    i.USBD_GetStatus    usbd_ctlreq.o
    0x08002488   0x00000052   Code   RO          272    i.USBD_GetString    usbd_ctlreq.o
    0x080024da   0x00000032   Code   RO           15    i.USBD_Init         usbd_core.o
    0x0800250c   0x00000014   Code   RO          712    i.USBD_LL_ClearStallEP  usbd_conf.o
    0x08002520   0x00000014   Code   RO          713    i.USBD_LL_CloseEP   usbd_conf.o
    0x08002534   0x000000da   Code   RO           16    i.USBD_LL_DataInStage  usbd_core.o
    0x0800260e   0x00000086   Code   RO           17    i.USBD_LL_DataOutStage  usbd_core.o
    0x08002694   0x00000006   Code   RO           18    i.USBD_LL_DevConnected  usbd_core.o
    0x0800269a   0x0000001a   Code   RO           19    i.USBD_LL_DevDisconnected  usbd_core.o
    0x080026b4   0x00000068   Code   RO          718    i.USBD_LL_Init      usbd_conf.o
    0x0800271c   0x00000038   Code   RO          719    i.USBD_LL_IsStallEP  usbd_conf.o
    0x08002754   0x00000006   Code   RO           20    i.USBD_LL_IsoINIncomplete  usbd_core.o
    0x0800275a   0x00000006   Code   RO           21    i.USBD_LL_IsoOUTIncomplete  usbd_core.o
    0x08002760   0x00000020   Code   RO          720    i.USBD_LL_OpenEP    usbd_conf.o
    0x08002780   0x00000020   Code   RO          721    i.USBD_LL_PrepareReceive  usbd_conf.o
    0x080027a0   0x00000044   Code   RO           22    i.USBD_LL_Reset     usbd_core.o
    0x080027e4   0x0000000e   Code   RO           23    i.USBD_LL_Resume    usbd_core.o
    0x080027f2   0x00000022   Code   RO           24    i.USBD_LL_SOF       usbd_core.o
    0x08002814   0x00000008   Code   RO           25    i.USBD_LL_SetSpeed  usbd_core.o
    0x0800281c   0x00000014   Code   RO          722    i.USBD_LL_SetUSBAddress  usbd_conf.o
    0x08002830   0x0000006e   Code   RO           26    i.USBD_LL_SetupStage  usbd_core.o
    0x0800289e   0x00000014   Code   RO          723    i.USBD_LL_StallEP   usbd_conf.o
    0x080028b2   0x00000010   Code   RO          724    i.USBD_LL_Start     usbd_conf.o
    0x080028c2   0x00000014   Code   RO           27    i.USBD_LL_Suspend   usbd_core.o
    0x080028d6   0x00000020   Code   RO          726    i.USBD_LL_Transmit  usbd_conf.o
    0x080028f6   0x00000028   Code   RO          273    i.USBD_ParseSetupRequest  usbd_ctlreq.o
    0x0800291e   0x00000010   Code   RO           28    i.USBD_RegisterClass  usbd_core.o
    0x0800292e   0x00000006   Code   RO           29    i.USBD_RunTestMode  usbd_core.o
    0x08002934   0x00000054   Code   RO          274    i.USBD_SetAddress   usbd_ctlreq.o
    0x08002988   0x00000022   Code   RO           30    i.USBD_SetClassConfig  usbd_core.o
    0x080029aa   0x00000002   PAD
    0x080029ac   0x000000e0   Code   RO          275    i.USBD_SetConfig    usbd_ctlreq.o
    0x08002a8c   0x00000024   Code   RO          276    i.USBD_SetFeature   usbd_ctlreq.o
    0x08002ab0   0x0000000e   Code   RO           31    i.USBD_Start        usbd_core.o
    0x08002abe   0x00000072   Code   RO          277    i.USBD_StdDevReq    usbd_ctlreq.o
    0x08002b30   0x00000156   Code   RO          278    i.USBD_StdEPReq     usbd_ctlreq.o
    0x08002c86   0x0000004a   Code   RO          279    i.USBD_StdItfReq    usbd_ctlreq.o
    0x08002cd0   0x000000c4   Code   RO         2258    i.USB_ActivateEndpoint  stm32f4xx_ll_usb.o
    0x08002d94   0x00000044   Code   RO         2259    i.USB_ActivateSetup  stm32f4xx_ll_usb.o
    0x08002dd8   0x00000070   Code   RO         2261    i.USB_CoreInit      stm32f4xx_ll_usb.o
    0x08002e48   0x0000004c   Code   RO         2262    i.USB_CoreReset     stm32f4xx_ll_usb.o
    0x08002e94   0x000000a8   Code   RO         2264    i.USB_DeactivateEndpoint  stm32f4xx_ll_usb.o
    0x08002f3c   0x0000001e   Code   RO         2265    i.USB_DevConnect    stm32f4xx_ll_usb.o
    0x08002f5a   0x0000001e   Code   RO         2266    i.USB_DevDisconnect  stm32f4xx_ll_usb.o
    0x08002f78   0x0000019c   Code   RO         2267    i.USB_DevInit       stm32f4xx_ll_usb.o
    0x08003114   0x0000000e   Code   RO         2268    i.USB_DisableGlobalInt  stm32f4xx_ll_usb.o
    0x08003122   0x00000002   PAD
    0x08003124   0x000001b0   Code   RO         2271    i.USB_EP0StartXfer  stm32f4xx_ll_usb.o
    0x080032d4   0x00000044   Code   RO         2272    i.USB_EP0_OutStart  stm32f4xx_ll_usb.o
    0x08003318   0x00000088   Code   RO         2273    i.USB_EPClearStall  stm32f4xx_ll_usb.o
    0x080033a0   0x0000008c   Code   RO         2274    i.USB_EPSetStall    stm32f4xx_ll_usb.o
    0x0800342c   0x000002d0   Code   RO         2275    i.USB_EPStartXfer   stm32f4xx_ll_usb.o
    0x080036fc   0x0000000e   Code   RO         2276    i.USB_EnableGlobalInt  stm32f4xx_ll_usb.o
    0x0800370a   0x00000002   PAD
    0x0800370c   0x0000002c   Code   RO         2277    i.USB_FlushRxFifo   stm32f4xx_ll_usb.o
    0x08003738   0x00000030   Code   RO         2278    i.USB_FlushTxFifo   stm32f4xx_ll_usb.o
    0x08003768   0x00000044   Code   RO         2280    i.USB_GetDevSpeed   stm32f4xx_ll_usb.o
    0x080037ac   0x0000000a   Code   RO         2282    i.USB_GetMode       stm32f4xx_ll_usb.o
    0x080037b6   0x00000012   Code   RO         2289    i.USB_ReadDevAllInEpInterrupt  stm32f4xx_ll_usb.o
    0x080037c8   0x00000012   Code   RO         2290    i.USB_ReadDevAllOutEpInterrupt  stm32f4xx_ll_usb.o
    0x080037da   0x0000002c   Code   RO         2291    i.USB_ReadDevInEPInterrupt  stm32f4xx_ll_usb.o
    0x08003806   0x00000016   Code   RO         2292    i.USB_ReadDevOutEPInterrupt  stm32f4xx_ll_usb.o
    0x0800381c   0x0000000c   Code   RO         2293    i.USB_ReadInterrupts  stm32f4xx_ll_usb.o
    0x08003828   0x00000028   Code   RO         2294    i.USB_ReadPacket    stm32f4xx_ll_usb.o
    0x08003850   0x00000030   Code   RO         2296    i.USB_SetCurrentMode  stm32f4xx_ll_usb.o
    0x08003880   0x00000024   Code   RO         2297    i.USB_SetDevAddress  stm32f4xx_ll_usb.o
    0x080038a4   0x00000010   Code   RO         2298    i.USB_SetDevSpeed   stm32f4xx_ll_usb.o
    0x080038b4   0x0000003a   Code   RO         2301    i.USB_WritePacket   stm32f4xx_ll_usb.o
    0x080038ee   0x0000000e   Code   RO         2597    i.__scatterload_copy  mc_w.l(handlers.o)
    0x080038fc   0x00000002   Code   RO         2598    i.__scatterload_null  mc_w.l(handlers.o)
    0x080038fe   0x0000000e   Code   RO         2599    i.__scatterload_zeroinit  mc_w.l(handlers.o)
    0x0800390c   0x00000050   Code   RO         2549    i.free              mc_w.l(malloc.o)
    0x0800395c   0x00000068   Code   RO          502    i.main              main.o
    0x080039c4   0x0000006c   Code   RO         2550    i.malloc            mc_w.l(malloc.o)
    0x08003a30   0x00000010   Data   RO         1774    .constdata          stm32f4xx_hal_rcc.o
    0x08003a40   0x00000020   Data   RO         2595    Region$$Table       anon$$obj.o


    Execution Region RW_IRAM1 (Base: 0x20000000, Size: 0x00000fc0, Max: 0x00020000, ABSOLUTE)

    Base Addr    Size         Type   Attr      Idx    E Section Name        Object

    0x20000000   0x00000001   Data   RW          280    .data               usbd_ctlreq.o
    0x20000001   0x00000003   PAD
    0x20000004   0x0000007e   Data   RW          371    .data               usbd_customhid.o
    0x20000082   0x00000002   PAD
    0x20000084   0x00000018   Data   RW          546    .data               usbd_custom_hid_if.o
    0x2000009c   0x00000034   Data   RW          896    .data               usbd_desc.o
    0x200000d0   0x00000004   Data   RW          958    .data               system_stm32f4xx.o
    0x200000d4   0x00000004   Data   RW         1420    .data               stm32f4xx_hal.o
    0x200000d8   0x00000004   Data   RW         2591    .data               mc_w.l(mvars.o)
    0x200000dc   0x00000004   Data   RW         2592    .data               mc_w.l(mvars.o)
    0x200000e0   0x00000224   Zero   RW          584    .bss                usb_device.o
    0x20000304   0x000003b8   Zero   RW          727    .bss                usbd_conf.o
    0x200006bc   0x00000200   Zero   RW          895    .bss                usbd_desc.o
    0x200008bc   0x00000004   PAD
    0x200008c0   0x00000300   Zero   RW            2    HEAP                startup_stm32f407xx.o
    0x20000bc0   0x00000400   Zero   RW            1    STACK               startup_stm32f407xx.o


==============================================================================

Image component sizes


      Code (inc. data)   RO Data    RW Data    ZI Data      Debug   Object Name

       524         28          0          0          0       1223   gpio.o
       288         28          0          0          0       3113   main.o
        36          8        392          0       1792        948   startup_stm32f407xx.o
       150         16          0          4          0       4122   stm32f4xx_hal.o
       348         22          0          0          0      32561   stm32f4xx_hal_cortex.o
       552         48          0          0          0       3063   stm32f4xx_hal_gpio.o
        20          0          0          0          0        482   stm32f4xx_hal_msp.o
      2688          0          0          0          0      10189   stm32f4xx_hal_pcd.o
        92          0          0          0          0       1816   stm32f4xx_hal_pcd_ex.o
      1944         52         16          0          0       4769   stm32f4xx_hal_rcc.o
        28          6          0          0          0        962   stm32f4xx_it.o
      3098         58          0          0          0      20442   stm32f4xx_ll_usb.o
       100         18          0          4          0       1317   system_stm32f4xx.o
        52         16          0          0        548        700   usb_device.o
       772         20          0          0        952      13846   usbd_conf.o
       792          0          0          0          0     340361   usbd_core.o
      1592         30          0          1          0      10820   usbd_ctlreq.o
        30         10          0         24          0       2125   usbd_custom_hid_if.o
       568         26          0        126          0       9635   usbd_customhid.o
       328        152          0         52        512       5371   usbd_desc.o
       174          0          0          0          0       4676   usbd_ioreq.o

    ----------------------------------------------------------------------
     14194        538        440        216       3808     472541   Object Totals
         0          0         32          0          0          0   (incl. Generated)
        18          0          0          5          4          0   (incl. Padding)

    ----------------------------------------------------------------------

      Code (inc. data)   RO Data    RW Data    ZI Data      Debug   Library Member Name

         0          0          0          0          0          0   entry.o
         0          0          0          0          0          0   entry10a.o
         0          0          0          0          0          0   entry11a.o
         8          4          0          0          0          0   entry2.o
         4          0          0          0          0          0   entry5.o
         0          0          0          0          0          0   entry7b.o
         0          0          0          0          0          0   entry8b.o
         8          4          0          0          0          0   entry9a.o
        30          0          0          0          0          0   handlers.o
        36          8          0          0          0         68   init.o
       188         20          0          0          0        160   malloc.o
        36          0          0          0          0         68   memcpya.o
         0          0          0          8          0          0   mvars.o

    ----------------------------------------------------------------------
       310         36          0          8          0        296   Library Totals
         0          0          0          0          0          0   (incl. Padding)

    ----------------------------------------------------------------------

      Code (inc. data)   RO Data    RW Data    ZI Data      Debug   Library Name

       310         36          0          8          0        296   mc_w.l

    ----------------------------------------------------------------------
       310         36          0          8          0        296   Library Totals

    ----------------------------------------------------------------------

==============================================================================


      Code (inc. data)   RO Data    RW Data    ZI Data      Debug   

     14504        574        440        224       3808     458237   Grand Totals
     14504        574        440        224       3808     458237   ELF Image Totals
     14504        574        440        224          0          0   ROM Totals

==============================================================================

    Total RO  Size (Code + RO Data)                14944 (  14.59kB)
    Total RW  Size (RW Data + ZI Data)              4032 (   3.94kB)
    Total ROM Size (Code + RO Data + RW Data)      15168 (  14.81kB)

==============================================================================

